Archive member included to satisfy reference by file (symbol)

c:/ac6/systemworkbench/plugins/fr.ac6.mcu.externaltools.arm-none.win32_1.17.0.201812190825/tools/compiler/bin/../lib/gcc/arm-none-eabi/7.3.1/../../../../arm-none-eabi/lib/thumb/v7e-m/fpv4-sp/hard\libm.a(lib_a-w_pow.o)
                              Src/SS_MS5607.o (pow)
c:/ac6/systemworkbench/plugins/fr.ac6.mcu.externaltools.arm-none.win32_1.17.0.201812190825/tools/compiler/bin/../lib/gcc/arm-none-eabi/7.3.1/../../../../arm-none-eabi/lib/thumb/v7e-m/fpv4-sp/hard\libm.a(lib_a-e_pow.o)
                              c:/ac6/systemworkbench/plugins/fr.ac6.mcu.externaltools.arm-none.win32_1.17.0.201812190825/tools/compiler/bin/../lib/gcc/arm-none-eabi/7.3.1/../../../../arm-none-eabi/lib/thumb/v7e-m/fpv4-sp/hard\libm.a(lib_a-w_pow.o) (__ieee754_pow)
c:/ac6/systemworkbench/plugins/fr.ac6.mcu.externaltools.arm-none.win32_1.17.0.201812190825/tools/compiler/bin/../lib/gcc/arm-none-eabi/7.3.1/../../../../arm-none-eabi/lib/thumb/v7e-m/fpv4-sp/hard\libm.a(lib_a-e_sqrt.o)
                              c:/ac6/systemworkbench/plugins/fr.ac6.mcu.externaltools.arm-none.win32_1.17.0.201812190825/tools/compiler/bin/../lib/gcc/arm-none-eabi/7.3.1/../../../../arm-none-eabi/lib/thumb/v7e-m/fpv4-sp/hard\libm.a(lib_a-e_pow.o) (__ieee754_sqrt)
c:/ac6/systemworkbench/plugins/fr.ac6.mcu.externaltools.arm-none.win32_1.17.0.201812190825/tools/compiler/bin/../lib/gcc/arm-none-eabi/7.3.1/../../../../arm-none-eabi/lib/thumb/v7e-m/fpv4-sp/hard\libm.a(lib_a-s_fabs.o)
                              c:/ac6/systemworkbench/plugins/fr.ac6.mcu.externaltools.arm-none.win32_1.17.0.201812190825/tools/compiler/bin/../lib/gcc/arm-none-eabi/7.3.1/../../../../arm-none-eabi/lib/thumb/v7e-m/fpv4-sp/hard\libm.a(lib_a-e_pow.o) (fabs)
c:/ac6/systemworkbench/plugins/fr.ac6.mcu.externaltools.arm-none.win32_1.17.0.201812190825/tools/compiler/bin/../lib/gcc/arm-none-eabi/7.3.1/../../../../arm-none-eabi/lib/thumb/v7e-m/fpv4-sp/hard\libm.a(lib_a-s_finite.o)
                              c:/ac6/systemworkbench/plugins/fr.ac6.mcu.externaltools.arm-none.win32_1.17.0.201812190825/tools/compiler/bin/../lib/gcc/arm-none-eabi/7.3.1/../../../../arm-none-eabi/lib/thumb/v7e-m/fpv4-sp/hard\libm.a(lib_a-w_pow.o) (finite)
c:/ac6/systemworkbench/plugins/fr.ac6.mcu.externaltools.arm-none.win32_1.17.0.201812190825/tools/compiler/bin/../lib/gcc/arm-none-eabi/7.3.1/../../../../arm-none-eabi/lib/thumb/v7e-m/fpv4-sp/hard\libm.a(lib_a-s_lib_ver.o)
                              c:/ac6/systemworkbench/plugins/fr.ac6.mcu.externaltools.arm-none.win32_1.17.0.201812190825/tools/compiler/bin/../lib/gcc/arm-none-eabi/7.3.1/../../../../arm-none-eabi/lib/thumb/v7e-m/fpv4-sp/hard\libm.a(lib_a-w_pow.o) (__fdlib_version)
c:/ac6/systemworkbench/plugins/fr.ac6.mcu.externaltools.arm-none.win32_1.17.0.201812190825/tools/compiler/bin/../lib/gcc/arm-none-eabi/7.3.1/../../../../arm-none-eabi/lib/thumb/v7e-m/fpv4-sp/hard\libm.a(lib_a-s_matherr.o)
                              c:/ac6/systemworkbench/plugins/fr.ac6.mcu.externaltools.arm-none.win32_1.17.0.201812190825/tools/compiler/bin/../lib/gcc/arm-none-eabi/7.3.1/../../../../arm-none-eabi/lib/thumb/v7e-m/fpv4-sp/hard\libm.a(lib_a-w_pow.o) (matherr)
c:/ac6/systemworkbench/plugins/fr.ac6.mcu.externaltools.arm-none.win32_1.17.0.201812190825/tools/compiler/bin/../lib/gcc/arm-none-eabi/7.3.1/../../../../arm-none-eabi/lib/thumb/v7e-m/fpv4-sp/hard\libm.a(lib_a-s_nan.o)
                              c:/ac6/systemworkbench/plugins/fr.ac6.mcu.externaltools.arm-none.win32_1.17.0.201812190825/tools/compiler/bin/../lib/gcc/arm-none-eabi/7.3.1/../../../../arm-none-eabi/lib/thumb/v7e-m/fpv4-sp/hard\libm.a(lib_a-e_pow.o) (nan)
c:/ac6/systemworkbench/plugins/fr.ac6.mcu.externaltools.arm-none.win32_1.17.0.201812190825/tools/compiler/bin/../lib/gcc/arm-none-eabi/7.3.1/../../../../arm-none-eabi/lib/thumb/v7e-m/fpv4-sp/hard\libm.a(lib_a-s_rint.o)
                              c:/ac6/systemworkbench/plugins/fr.ac6.mcu.externaltools.arm-none.win32_1.17.0.201812190825/tools/compiler/bin/../lib/gcc/arm-none-eabi/7.3.1/../../../../arm-none-eabi/lib/thumb/v7e-m/fpv4-sp/hard\libm.a(lib_a-w_pow.o) (rint)
c:/ac6/systemworkbench/plugins/fr.ac6.mcu.externaltools.arm-none.win32_1.17.0.201812190825/tools/compiler/bin/../lib/gcc/arm-none-eabi/7.3.1/../../../../arm-none-eabi/lib/thumb/v7e-m/fpv4-sp/hard\libm.a(lib_a-s_scalbn.o)
                              c:/ac6/systemworkbench/plugins/fr.ac6.mcu.externaltools.arm-none.win32_1.17.0.201812190825/tools/compiler/bin/../lib/gcc/arm-none-eabi/7.3.1/../../../../arm-none-eabi/lib/thumb/v7e-m/fpv4-sp/hard\libm.a(lib_a-e_pow.o) (scalbn)
c:/ac6/systemworkbench/plugins/fr.ac6.mcu.externaltools.arm-none.win32_1.17.0.201812190825/tools/compiler/bin/../lib/gcc/arm-none-eabi/7.3.1/../../../../arm-none-eabi/lib/thumb/v7e-m/fpv4-sp/hard\libm.a(lib_a-s_copysign.o)
[...]
Memory Configuration

Name             Origin             Length             Attributes
RAM              0x20000000         0x00020000         xrw
FLASH            0x08000000         0x00080000         xr
*default*        0x00000000         0xffffffff

Linker script and memory map

LOAD c:/ac6/systemworkbench/plugins/fr.ac6.mcu.externaltools.arm-none.win32_1.17.0.201812190825/tools/compiler/bin/../lib/gcc/arm-none-eabi/7.3.1/thumb/v7e-m/fpv4-sp/hard/crti.o
LOAD c:/ac6/systemworkbench/plugins/fr.ac6.mcu.externaltools.arm-none.win32_1.17.0.201812190825/tools/compiler/bin/../lib/gcc/arm-none-eabi/7.3.1/thumb/v7e-m/fpv4-sp/hard/crtbegin.o
LOAD c:/ac6/systemworkbench/plugins/fr.ac6.mcu.externaltools.arm-none.win32_1.17.0.201812190825/tools/compiler/bin/../lib/gcc/arm-none-eabi/7.3.1/../../../../arm-none-eabi/lib/thumb/v7e-m/fpv4-sp/hard/crt0.o
LOAD Drivers/STM32F4xx_HAL_Driver/Src/stm32f4xx_hal.o
LOAD Drivers/STM32F4xx_HAL_Driver/Src/stm32f4xx_hal_adc.o
LOAD Drivers/STM32F4xx_HAL_Driver/Src/stm32f4xx_hal_adc_ex.o
LOAD Drivers/STM32F4xx_HAL_Driver/Src/stm32f4xx_hal_cortex.o
LOAD Drivers/STM32F4xx_HAL_Driver/Src/stm32f4xx_hal_dma.o
LOAD Drivers/STM32F4xx_HAL_Driver/Src/stm32f4xx_hal_dma_ex.o
LOAD Drivers/STM32F4xx_HAL_Driver/Src/stm32f4xx_hal_flash.o
LOAD Drivers/STM32F4xx_HAL_Driver/Src/stm32f4xx_hal_flash_ex.o
LOAD Drivers/STM32F4xx_HAL_Driver/Src/stm32f4xx_hal_flash_ramfunc.o
LOAD Drivers/STM32F4xx_HAL_Driver/Src/stm32f4xx_hal_gpio.o
LOAD Drivers/STM32F4xx_HAL_Driver/Src/stm32f4xx_hal_i2c.o
LOAD Drivers/STM32F4xx_HAL_Driver/Src/stm32f4xx_hal_i2c_ex.o
LOAD Drivers/STM32F4xx_HAL_Driver/Src/stm32f4xx_hal_pwr.o
LOAD Drivers/STM32F4xx_HAL_Driver/Src/stm32f4xx_hal_pwr_ex.o
LOAD Drivers/STM32F4xx_HAL_Driver/Src/stm32f4xx_hal_rcc.o
LOAD Drivers/STM32F4xx_HAL_Driver/Src/stm32f4xx_hal_rcc_ex.o
LOAD Drivers/STM32F4xx_HAL_Driver/Src/stm32f4xx_hal_rtc.o
LOAD Drivers/STM32F4xx_HAL_Driver/Src/stm32f4xx_hal_rtc_ex.o
LOAD Drivers/STM32F4xx_HAL_Driver/Src/stm32f4xx_hal_spi.o
LOAD Drivers/STM32F4xx_HAL_Driver/Src/stm32f4xx_hal_tim.o
LOAD Drivers/STM32F4xx_HAL_Driver/Src/stm32f4xx_hal_tim_ex.o
LOAD Drivers/STM32F4xx_HAL_Driver/Src/stm32f4xx_hal_uart.o
LOAD Src/SS_MS5607.o
LOAD Src/SS_S25FL.o
LOAD Src/SS_SCD30.o
LOAD Src/SS_it.o
LOAD Src/SS_support.o
LOAD Src/adc.o
LOAD Src/dma.o
LOAD Src/gpio.o
LOAD Src/i2c.o
LOAD Src/main.o
LOAD Src/rtc.o
LOAD Src/scd_git_version.o
LOAD Src/sensirion_common.o
LOAD Src/sensirion_hw_i2c_implementation.o
LOAD Src/spi.o
LOAD Src/stm32f4xx_hal_msp.o
LOAD Src/stm32f4xx_it.o
LOAD Src/system_stm32f4xx.o
LOAD Src/tim.o
LOAD Src/usart.o
LOAD startup/startup_stm32f446xx.o
LOAD c:/ac6/systemworkbench/plugins/fr.ac6.mcu.externaltools.arm-none.win32_1.17.0.201812190825/tools/compiler/bin/../lib/gcc/arm-none-eabi/7.3.1/../../../../arm-none-eabi/lib/thumb/v7e-m/fpv4-sp/hard\libm.a
START GROUP
LOAD c:/ac6/systemworkbench/plugins/fr.ac6.mcu.externaltools.arm-none.win32_1.17.0.201812190825/tools/compiler/bin/../lib/gcc/arm-none-eabi/7.3.1/thumb/v7e-m/fpv4-sp/hard\libgcc.a
LOAD c:/ac6/systemworkbench/plugins/fr.ac6.mcu.externaltools.arm-none.win32_1.17.0.201812190825/tools/compiler/bin/../lib/gcc/arm-none-eabi/7.3.1/../../../../arm-none-eabi/lib/thumb/v7e-m/fpv4-sp/hard\libc_nano.a
END GROUP
START GROUP
LOAD c:/ac6/systemworkbench/plugins/fr.ac6.mcu.externaltools.arm-none.win32_1.17.0.201812190825/tools/compiler/bin/../lib/gcc/arm-none-eabi/7.3.1/thumb/v7e-m/fpv4-sp/hard\libgcc.a
LOAD c:/ac6/systemworkbench/plugins/fr.ac6.mcu.externaltools.arm-none.win32_1.17.0.201812190825/tools/compiler/bin/../lib/gcc/arm-none-eabi/7.3.1/../../../../arm-none-eabi/lib/thumb/v7e-m/fpv4-sp/hard\libc_nano.a
LOAD c:/ac6/systemworkbench/plugins/fr.ac6.mcu.externaltools.arm-none.win32_1.17.0.201812190825/tools/compiler/bin/../lib/gcc/arm-none-eabi/7.3.1/../../../../arm-none-eabi/lib/thumb/v7e-m/fpv4-sp/hard\libnosys.a
END GROUP
START GROUP
LOAD c:/ac6/systemworkbench/plugins/fr.ac6.mcu.externaltools.arm-none.win32_1.17.0.201812190825/tools/compiler/bin/../lib/gcc/arm-none-eabi/7.3.1/thumb/v7e-m/fpv4-sp/hard\libgcc.a
LOAD c:/ac6/systemworkbench/plugins/fr.ac6.mcu.externaltools.arm-none.win32_1.17.0.201812190825/tools/compiler/bin/../lib/gcc/arm-none-eabi/7.3.1/../../../../arm-none-eabi/lib/thumb/v7e-m/fpv4-sp/hard\libc_nano.a
LOAD c:/ac6/systemworkbench/plugins/fr.ac6.mcu.externaltools.arm-none.win32_1.17.0.201812190825/tools/compiler/bin/../lib/gcc/arm-none-eabi/7.3.1/../../../../arm-none-eabi/lib/thumb/v7e-m/fpv4-sp/hard\libnosys.a
END GROUP
LOAD c:/ac6/systemworkbench/plugins/fr.ac6.mcu.externaltools.arm-none.win32_1.17.0.201812190825/tools/compiler/bin/../lib/gcc/arm-none-eabi/7.3.1/thumb/v7e-m/fpv4-sp/hard/crtend.o
LOAD c:/ac6/systemworkbench/plugins/fr.ac6.mcu.externaltools.arm-none.win32_1.17.0.201812190825/tools/compiler/bin/../lib/gcc/arm-none-eabi/7.3.1/thumb/v7e-m/fpv4-sp/hard/crtn.o
                0x20020000                _estack = 0x20020000
                0x00000200                _Min_Heap_Size = 0x200
                0x00000400                _Min_Stack_Size = 0x400

.isr_vector     0x08000000      0x1c4
                0x08000000                . = ALIGN (0x4)
 *(.isr_vector)
 .isr_vector    0x08000000      0x1c4 startup/startup_stm32f446xx.o
                0x08000000                g_pfnVectors
                0x080001c4                . = ALIGN (0x4)

.text           0x080001d0     0xf54c
                0x080001d0                . = ALIGN (0x4)
 *(.text)
 .text          0x080001d0       0x40 c:/ac6/systemworkbench/plugins/fr.ac6.mcu.externaltools.arm-none.win32_1.17.0.201812190825/tools/compiler/bin/../lib/gcc/arm-none-eabi/7.3.1/thumb/v7e-m/fpv4-sp/hard/crtbegin.o
 .text          0x08000210      0x378 c:/ac6/systemworkbench/plugins/fr.ac6.mcu.externaltools.arm-none.win32_1.17.0.201812190825/tools/compiler/bin/../lib/gcc/arm-none-eabi/7.3.1/thumb/v7e-m/fpv4-sp/hard\libgcc.a(_arm_addsubdf3.o)
                0x08000210                __aeabi_drsub
                0x08000218                __aeabi_dsub
                0x08000218                __subdf3
                0x0800021c                __aeabi_dadd
                0x0800021c                __adddf3
                0x08000494                __floatunsidf
                0x08000494                __aeabi_ui2d
                0x080004b4                __floatsidf
                0x080004b4                __aeabi_i2d
                0x080004d8                __aeabi_f2d
                0x080004d8                __extendsfdf2
                0x0800051c                __floatundidf
                0x0800051c                __aeabi_ul2d
                0x0800052c                __floatdidf
                0x0800052c                __aeabi_l2d
 .text          0x08000588      0x424 c:/ac6/systemworkbench/plugins/fr.ac6.mcu.externaltools.arm-none.win32_1.17.0.201812190825/tools/compiler/bin/../lib/gcc/arm-none-eabi/7.3.1/thumb/v7e-m/fpv4-sp/hard\libgcc.a(_arm_muldivdf3.o)
                0x08000588                __aeabi_dmul
                0x08000588                __muldf3
                0x080007dc                __divdf3
                0x080007dc                __aeabi_ddiv
 .text          0x080009ac      0x110 c:/ac6/systemworkbench/plugins/fr.ac6.mcu.externaltools.arm-none.win32_1.17.0.201812190825/tools/compiler/bin/../lib/gcc/arm-none-eabi/7.3.1/thumb/v7e-m/fpv4-sp/hard\libgcc.a(_arm_cmpdf2.o)
                0x080009ac                __gtdf2
                0x080009ac                __gedf2
                0x080009b4                __ltdf2
                0x080009b4                __ledf2
                0x080009bc                __nedf2
                0x080009bc                __eqdf2
                0x080009bc                __cmpdf2
                0x08000a38                __aeabi_cdrcmple
                0x08000a48                __aeabi_cdcmpeq
                0x08000a48                __aeabi_cdcmple
                0x08000a58                __aeabi_dcmpeq
                0x08000a6c                __aeabi_dcmplt
                0x08000a80                __aeabi_dcmple
                0x08000a94                __aeabi_dcmpge
                0x08000aa8                __aeabi_dcmpgt
 .text          0x08000abc       0x2c c:/ac6/systemworkbench/plugins/fr.ac6.mcu.externaltools.arm-none.win32_1.17.0.201812190825/tools/compiler/bin/../lib/gcc/arm-none-eabi/7.3.1/thumb/v7e-m/fpv4-sp/hard\libgcc.a(_arm_unorddf2.o)
                0x08000abc                __unorddf2
                0x08000abc                __aeabi_dcmpun
 .text          0x08000ae8       0x50 c:/ac6/systemworkbench/plugins/fr.ac6.mcu.externaltools.arm-none.win32_1.17.0.201812190825/tools/compiler/bin/../lib/gcc/arm-none-eabi/7.3.1/thumb/v7e-m/fpv4-sp/hard\libgcc.a(_arm_fixdfsi.o)
                0x08000ae8                __aeabi_d2iz
                0x08000ae8                __fixdfsi
 .text          0x08000b38       0x30 c:/ac6/systemworkbench/plugins/fr.ac6.mcu.externaltools.arm-none.win32_1.17.0.201812190825/tools/compiler/bin/../lib/gcc/arm-none-eabi/7.3.1/thumb/v7e-m/fpv4-sp/hard\libgcc.a(_aeabi_uldivmod.o)
                0x08000b38                __aeabi_uldivmod
 .text          0x08000b68      0x2cc c:/ac6/systemworkbench/plugins/fr.ac6.mcu.externaltools.arm-none.win32_1.17.0.201812190825/tools/compiler/bin/../lib/gcc/arm-none-eabi/7.3.1/thumb/v7e-m/fpv4-sp/hard\libgcc.a(_udivmoddi4.o)
                0x08000b68                __udivmoddi4
 .text          0x08000e34        0x4 c:/ac6/systemworkbench/plugins/fr.ac6.mcu.externaltools.arm-none.win32_1.17.0.201812190825/tools/compiler/bin/../lib/gcc/arm-none-eabi/7.3.1/thumb/v7e-m/fpv4-sp/hard\libgcc.a(_dvmd_tls.o)
                0x08000e34                __aeabi_idiv0
                0x08000e34                __aeabi_ldiv0
 .text          0x08000e38       0x10 c:/ac6/systemworkbench/plugins/fr.ac6.mcu.externaltools.arm-none.win32_1.17.0.201812190825/tools/compiler/bin/../lib/gcc/arm-none-eabi/7.3.1/../../../../arm-none-eabi/lib/thumb/v7e-m/fpv4-sp/hard\libc_nano.a(lib_a-strlen.o)
                0x08000e38                strlen
 *fill*         0x08000e48        0x8 
 .text          0x08000e50       0xa0 c:/ac6/systemworkbench/plugins/fr.ac6.mcu.externaltools.arm-none.win32_1.17.0.201812190825/tools/compiler/bin/../lib/gcc/arm-none-eabi/7.3.1/../../../../arm-none-eabi/lib/thumb/v7e-m/fpv4-sp/hard\libc_nano.a(lib_a-memchr.o)
                0x08000e50                memchr
 *(.text*)
 .text.HAL_Init
                0x08000ef0       0x44 Drivers/STM32F4xx_HAL_Driver/Src/stm32f4xx_hal.o
                0x08000ef0                HAL_Init
 .text.HAL_InitTick
                0x08000f34       0x60 Drivers/STM32F4xx_HAL_Driver/Src/stm32f4xx_hal.o
                0x08000f34                HAL_InitTick
 .text.HAL_IncTick
                0x08000f94       0x28 Drivers/STM32F4xx_HAL_Driver/Src/stm32f4xx_hal.o
                0x08000f94                HAL_IncTick
 .text.HAL_GetTick
                0x08000fbc       0x18 Drivers/STM32F4xx_HAL_Driver/Src/stm32f4xx_hal.o
                0x08000fbc                HAL_GetTick
 .text.HAL_Delay
                0x08000fd4       0x44 Drivers/STM32F4xx_HAL_Driver/Src/stm32f4xx_hal.o
                0x08000fd4                HAL_Delay
 .text.HAL_GetHalVersion
                0x08001018       0x14 Drivers/STM32F4xx_HAL_Driver/Src/stm32f4xx_hal.o
                0x08001018                HAL_GetHalVersion
 .text.HAL_ADC_Init
                0x0800102c       0x86 Drivers/STM32F4xx_HAL_Driver/Src/stm32f4xx_hal_adc.o
                0x0800102c                HAL_ADC_Init
 .text.HAL_ADC_IRQHandler
                0x080010b2      0x282 Drivers/STM32F4xx_HAL_Driver/Src/stm32f4xx_hal_adc.o
                0x080010b2                HAL_ADC_IRQHandler
 .text.HAL_ADC_Start_DMA
                0x08001334      0x1a4 Drivers/STM32F4xx_HAL_Driver/Src/stm32f4xx_hal_adc.o
                0x08001334                HAL_ADC_Start_DMA
 .text.HAL_ADC_ConvCpltCallback
                0x080014d8       0x14 Drivers/STM32F4xx_HAL_Driver/Src/stm32f4xx_hal_adc.o
                0x080014d8                HAL_ADC_ConvCpltCallback
 .text.HAL_ADC_ConvHalfCpltCallback
                0x080014ec       0x14 Drivers/STM32F4xx_HAL_Driver/Src/stm32f4xx_hal_adc.o
                0x080014ec                HAL_ADC_ConvHalfCpltCallback
 .text.HAL_ADC_LevelOutOfWindowCallback
                0x08001500       0x14 Drivers/STM32F4xx_HAL_Driver/Src/stm32f4xx_hal_adc.o
                0x08001500                HAL_ADC_LevelOutOfWindowCallback
 .text.HAL_ADC_ErrorCallback
                0x08001514       0x14 Drivers/STM32F4xx_HAL_Driver/Src/stm32f4xx_hal_adc.o
                0x08001514                HAL_ADC_ErrorCallback
 .text.HAL_ADC_ConfigChannel
                0x08001528      0x24c Drivers/STM32F4xx_HAL_Driver/Src/stm32f4xx_hal_adc.o
                0x08001528                HAL_ADC_ConfigChannel
 .text.ADC_Init
                0x08001774      0x1f4 Drivers/STM32F4xx_HAL_Driver/Src/stm32f4xx_hal_adc.o
 .text.ADC_DMAConvCplt
                0x08001968       0xa6 Drivers/STM32F4xx_HAL_Driver/Src/stm32f4xx_hal_adc.o
 .text.ADC_DMAHalfConvCplt
                0x08001a0e       0x1c Drivers/STM32F4xx_HAL_Driver/Src/stm32f4xx_hal_adc.o
 .text.ADC_DMAError
                0x08001a2a       0x2e Drivers/STM32F4xx_HAL_Driver/Src/stm32f4xx_hal_adc.o
 .text.HAL_ADCEx_InjectedConvCpltCallback
                0x08001a58       0x14 Drivers/STM32F4xx_HAL_Driver/Src/stm32f4xx_hal_adc_ex.o
                0x08001a58                HAL_ADCEx_InjectedConvCpltCallback
 .text.NVIC_SetPriorityGrouping
                0x08001a6c       0x48 Drivers/STM32F4xx_HAL_Driver/Src/stm32f4xx_hal_cortex.o
 .text.NVIC_GetPriorityGrouping
                0x08001ab4       0x1c Drivers/STM32F4xx_HAL_Driver/Src/stm32f4xx_hal_cortex.o
 .text.NVIC_EnableIRQ
                0x08001ad0       0x34 Drivers/STM32F4xx_HAL_Driver/Src/stm32f4xx_hal_cortex.o
 .text.NVIC_SetPriority
                0x08001b04       0x54 Drivers/STM32F4xx_HAL_Driver/Src/stm32f4xx_hal_cortex.o
 .text.NVIC_EncodePriority
                0x08001b58       0x66 Drivers/STM32F4xx_HAL_Driver/Src/stm32f4xx_hal_cortex.o
 *fill*         0x08001bbe        0x2 
 .text.SysTick_Config
                0x08001bc0       0x44 Drivers/STM32F4xx_HAL_Driver/Src/stm32f4xx_hal_cortex.o
 .text.HAL_NVIC_SetPriorityGrouping
                0x08001c04       0x16 Drivers/STM32F4xx_HAL_Driver/Src/stm32f4xx_hal_cortex.o
                0x08001c04                HAL_NVIC_SetPriorityGrouping
 .text.HAL_NVIC_SetPriority
                0x08001c1a       0x38 Drivers/STM32F4xx_HAL_Driver/Src/stm32f4xx_hal_cortex.o
                0x08001c1a                HAL_NVIC_SetPriority
 .text.HAL_NVIC_EnableIRQ
                0x08001c52       0x1c Drivers/STM32F4xx_HAL_Driver/Src/stm32f4xx_hal_cortex.o
                0x08001c52                HAL_NVIC_EnableIRQ
 .text.HAL_SYSTICK_Config
                0x08001c6e       0x18 Drivers/STM32F4xx_HAL_Driver/Src/stm32f4xx_hal_cortex.o
                0x08001c6e                HAL_SYSTICK_Config
 .text.HAL_SYSTICK_IRQHandler
                0x08001c86        0xc Drivers/STM32F4xx_HAL_Driver/Src/stm32f4xx_hal_cortex.o
                0x08001c86                HAL_SYSTICK_IRQHandler
 *fill*         0x08001c92        0x2 
 .text.HAL_DMA_Init
                0x08001c94      0x15c Drivers/STM32F4xx_HAL_Driver/Src/stm32f4xx_hal_dma.o
                0x08001c94                HAL_DMA_Init
 .text.HAL_DMA_Start_IT
                0x08001df0       0xc0 Drivers/STM32F4xx_HAL_Driver/Src/stm32f4xx_hal_dma.o
                0x08001df0                HAL_DMA_Start_IT
 .text.HAL_DMA_Abort_IT
                0x08001eb0       0x44 Drivers/STM32F4xx_HAL_Driver/Src/stm32f4xx_hal_dma.o
                0x08001eb0                HAL_DMA_Abort_IT
 .text.HAL_DMA_IRQHandler
                0x08001ef4      0x314 Drivers/STM32F4xx_HAL_Driver/Src/stm32f4xx_hal_dma.o
                0x08001ef4                HAL_DMA_IRQHandler
 .text.HAL_DMA_GetState
                0x08002208       0x1c Drivers/STM32F4xx_HAL_Driver/Src/stm32f4xx_hal_dma.o
                0x08002208                HAL_DMA_GetState
 .text.DMA_SetConfig
                0x08002224       0x5c Drivers/STM32F4xx_HAL_Driver/Src/stm32f4xx_hal_dma.o
 .text.DMA_CalcBaseAndBitshift
                0x08002280       0x6c Drivers/STM32F4xx_HAL_Driver/Src/stm32f4xx_hal_dma.o
 .text.DMA_CheckFifoParam
                0x080022ec       0xf4 Drivers/STM32F4xx_HAL_Driver/Src/stm32f4xx_hal_dma.o
 .text.HAL_GPIO_Init
                0x080023e0      0x324 Drivers/STM32F4xx_HAL_Driver/Src/stm32f4xx_hal_gpio.o
                0x080023e0                HAL_GPIO_Init
 .text.HAL_GPIO_ReadPin
                0x08002704       0x30 Drivers/STM32F4xx_HAL_Driver/Src/stm32f4xx_hal_gpio.o
                0x08002704                HAL_GPIO_ReadPin
 .text.HAL_GPIO_WritePin
                0x08002734       0x32 Drivers/STM32F4xx_HAL_Driver/Src/stm32f4xx_hal_gpio.o
                0x08002734                HAL_GPIO_WritePin
 .text.HAL_GPIO_TogglePin
                0x08002766       0x24 Drivers/STM32F4xx_HAL_Driver/Src/stm32f4xx_hal_gpio.o
                0x08002766                HAL_GPIO_TogglePin
 *fill*         0x0800278a        0x2 
 .text.HAL_I2C_Init
                0x0800278c      0x1c0 Drivers/STM32F4xx_HAL_Driver/Src/stm32f4xx_hal_i2c.o
                0x0800278c                HAL_I2C_Init
 .text.HAL_I2C_Master_Transmit
                0x0800294c      0x21c Drivers/STM32F4xx_HAL_Driver/Src/stm32f4xx_hal_i2c.o
                0x0800294c                HAL_I2C_Master_Transmit
 .text.HAL_I2C_Master_Receive
                0x08002b68      0x464 Drivers/STM32F4xx_HAL_Driver/Src/stm32f4xx_hal_i2c.o
                0x08002b68                HAL_I2C_Master_Receive
 .text.HAL_I2C_EV_IRQHandler
                0x08002fcc      0x208 Drivers/STM32F4xx_HAL_Driver/Src/stm32f4xx_hal_i2c.o
                0x08002fcc                HAL_I2C_EV_IRQHandler
 .text.HAL_I2C_ER_IRQHandler
                0x080031d4      0x154 Drivers/STM32F4xx_HAL_Driver/Src/stm32f4xx_hal_i2c.o
                0x080031d4                HAL_I2C_ER_IRQHandler
 .text.HAL_I2C_MasterTxCpltCallback
                0x08003328       0x14 Drivers/STM32F4xx_HAL_Driver/Src/stm32f4xx_hal_i2c.o
                0x08003328                HAL_I2C_MasterTxCpltCallback
 .text.HAL_I2C_MasterRxCpltCallback
                0x0800333c       0x14 Drivers/STM32F4xx_HAL_Driver/Src/stm32f4xx_hal_i2c.o
                0x0800333c                HAL_I2C_MasterRxCpltCallback
 .text.HAL_I2C_SlaveTxCpltCallback
                0x08003350       0x14 Drivers/STM32F4xx_HAL_Driver/Src/stm32f4xx_hal_i2c.o
                0x08003350                HAL_I2C_SlaveTxCpltCallback
 .text.HAL_I2C_SlaveRxCpltCallback
                0x08003364       0x14 Drivers/STM32F4xx_HAL_Driver/Src/stm32f4xx_hal_i2c.o
                0x08003364                HAL_I2C_SlaveRxCpltCallback
 .text.HAL_I2C_AddrCallback
                0x08003378       0x1c Drivers/STM32F4xx_HAL_Driver/Src/stm32f4xx_hal_i2c.o
                0x08003378                HAL_I2C_AddrCallback
 .text.HAL_I2C_ListenCpltCallback
                0x08003394       0x14 Drivers/STM32F4xx_HAL_Driver/Src/stm32f4xx_hal_i2c.o
                0x08003394                HAL_I2C_ListenCpltCallback
 .text.HAL_I2C_MemTxCpltCallback
                0x080033a8       0x14 Drivers/STM32F4xx_HAL_Driver/Src/stm32f4xx_hal_i2c.o
                0x080033a8                HAL_I2C_MemTxCpltCallback
 .text.HAL_I2C_MemRxCpltCallback
                0x080033bc       0x14 Drivers/STM32F4xx_HAL_Driver/Src/stm32f4xx_hal_i2c.o
                0x080033bc                HAL_I2C_MemRxCpltCallback
 .text.HAL_I2C_ErrorCallback
                0x080033d0       0x14 Drivers/STM32F4xx_HAL_Driver/Src/stm32f4xx_hal_i2c.o
                0x080033d0                HAL_I2C_ErrorCallback
 .text.HAL_I2C_AbortCpltCallback
                0x080033e4       0x14 Drivers/STM32F4xx_HAL_Driver/Src/stm32f4xx_hal_i2c.o
                0x080033e4                HAL_I2C_AbortCpltCallback
 .text.I2C_MasterTransmit_TXE
                0x080033f8      0x1ea Drivers/STM32F4xx_HAL_Driver/Src/stm32f4xx_hal_i2c.o
 .text.I2C_MasterTransmit_BTF
                0x080035e2       0xea Drivers/STM32F4xx_HAL_Driver/Src/stm32f4xx_hal_i2c.o
 .text.I2C_MasterReceive_RXNE
                0x080036cc       0xf4 Drivers/STM32F4xx_HAL_Driver/Src/stm32f4xx_hal_i2c.o
 .text.I2C_MasterReceive_BTF
                0x080037c0      0x19c Drivers/STM32F4xx_HAL_Driver/Src/stm32f4xx_hal_i2c.o
 .text.I2C_Master_SB
                0x0800395c       0xda Drivers/STM32F4xx_HAL_Driver/Src/stm32f4xx_hal_i2c.o
 .text.I2C_Master_ADD10
                0x08003a36       0x22 Drivers/STM32F4xx_HAL_Driver/Src/stm32f4xx_hal_i2c.o
 .text.I2C_Master_ADDR
                0x08003a58      0x2c6 Drivers/STM32F4xx_HAL_Driver/Src/stm32f4xx_hal_i2c.o
 .text.I2C_SlaveTransmit_TXE
                0x08003d1e       0x7a Drivers/STM32F4xx_HAL_Driver/Src/stm32f4xx_hal_i2c.o
 .text.I2C_SlaveTransmit_BTF
                0x08003d98       0x40 Drivers/STM32F4xx_HAL_Driver/Src/stm32f4xx_hal_i2c.o
 .text.I2C_SlaveReceive_RXNE
                0x08003dd8       0x7c Drivers/STM32F4xx_HAL_Driver/Src/stm32f4xx_hal_i2c.o
 .text.I2C_SlaveReceive_BTF
                0x08003e54       0x42 Drivers/STM32F4xx_HAL_Driver/Src/stm32f4xx_hal_i2c.o
 .text.I2C_Slave_ADDR
                0x08003e96       0x54 Drivers/STM32F4xx_HAL_Driver/Src/stm32f4xx_hal_i2c.o
 *fill*         0x08003eea        0x2 
 .text.I2C_Slave_STOPF
                0x08003eec      0x18c Drivers/STM32F4xx_HAL_Driver/Src/stm32f4xx_hal_i2c.o
 .text.I2C_Slave_AF
                0x08004078       0xe4 Drivers/STM32F4xx_HAL_Driver/Src/stm32f4xx_hal_i2c.o
 .text.I2C_ITError
                0x0800415c      0x208 Drivers/STM32F4xx_HAL_Driver/Src/stm32f4xx_hal_i2c.o
 .text.I2C_MasterRequestWrite
                0x08004364      0x104 Drivers/STM32F4xx_HAL_Driver/Src/stm32f4xx_hal_i2c.o
 .text.I2C_MasterRequestRead
                0x08004468      0x190 Drivers/STM32F4xx_HAL_Driver/Src/stm32f4xx_hal_i2c.o
 .text.I2C_DMAAbort
                0x080045f8       0x9c Drivers/STM32F4xx_HAL_Driver/Src/stm32f4xx_hal_i2c.o
 .text.I2C_WaitOnFlagUntilTimeout
                0x08004694       0xa2 Drivers/STM32F4xx_HAL_Driver/Src/stm32f4xx_hal_i2c.o
 .text.I2C_WaitOnMasterAddressFlagUntilTimeout
                0x08004736       0xdc Drivers/STM32F4xx_HAL_Driver/Src/stm32f4xx_hal_i2c.o
 .text.I2C_WaitOnTXEFlagUntilTimeout
                0x08004812       0x7a Drivers/STM32F4xx_HAL_Driver/Src/stm32f4xx_hal_i2c.o
 .text.I2C_WaitOnBTFFlagUntilTimeout
                0x0800488c       0x7a Drivers/STM32F4xx_HAL_Driver/Src/stm32f4xx_hal_i2c.o
 .text.I2C_WaitOnRXNEFlagUntilTimeout
                0x08004906       0x94 Drivers/STM32F4xx_HAL_Driver/Src/stm32f4xx_hal_i2c.o
 .text.I2C_IsAcknowledgeFailed
                0x0800499a       0x50 Drivers/STM32F4xx_HAL_Driver/Src/stm32f4xx_hal_i2c.o
 *fill*         0x080049ea        0x2 
 .text.HAL_PWREx_EnableOverDrive
                0x080049ec       0xa0 Drivers/STM32F4xx_HAL_Driver/Src/stm32f4xx_hal_pwr_ex.o
                0x080049ec                HAL_PWREx_EnableOverDrive
 .text.HAL_RCC_ClockConfig
                0x08004a8c      0x1c4 Drivers/STM32F4xx_HAL_Driver/Src/stm32f4xx_hal_rcc.o
                0x08004a8c                HAL_RCC_ClockConfig
 .text.HAL_RCC_GetHCLKFreq
                0x08004c50       0x18 Drivers/STM32F4xx_HAL_Driver/Src/stm32f4xx_hal_rcc.o
                0x08004c50                HAL_RCC_GetHCLKFreq
 .text.HAL_RCC_GetPCLK1Freq
                0x08004c68       0x28 Drivers/STM32F4xx_HAL_Driver/Src/stm32f4xx_hal_rcc.o
                0x08004c68                HAL_RCC_GetPCLK1Freq
 .text.HAL_RCC_GetPCLK2Freq
                0x08004c90       0x28 Drivers/STM32F4xx_HAL_Driver/Src/stm32f4xx_hal_rcc.o
                0x08004c90                HAL_RCC_GetPCLK2Freq
 .text.HAL_RCCEx_PeriphCLKConfig
                0x08004cb8      0x654 Drivers/STM32F4xx_HAL_Driver/Src/stm32f4xx_hal_rcc_ex.o
                0x08004cb8                HAL_RCCEx_PeriphCLKConfig
 .text.HAL_RCC_GetSysClockFreq
                0x0800530c      0x2a4 Drivers/STM32F4xx_HAL_Driver/Src/stm32f4xx_hal_rcc_ex.o
                0x0800530c                HAL_RCC_GetSysClockFreq
 .text.HAL_RCC_OscConfig
                0x080055b0      0x4b4 Drivers/STM32F4xx_HAL_Driver/Src/stm32f4xx_hal_rcc_ex.o
                0x080055b0                HAL_RCC_OscConfig
 .text.HAL_RTC_Init
                0x08005a64      0x122 Drivers/STM32F4xx_HAL_Driver/Src/stm32f4xx_hal_rtc.o
                0x08005a64                HAL_RTC_Init
 .text.HAL_RTC_SetTime
                0x08005b86      0x18a Drivers/STM32F4xx_HAL_Driver/Src/stm32f4xx_hal_rtc.o
                0x08005b86                HAL_RTC_SetTime
 .text.HAL_RTC_SetDate
                0x08005d10      0x14e Drivers/STM32F4xx_HAL_Driver/Src/stm32f4xx_hal_rtc.o
                0x08005d10                HAL_RTC_SetDate
 .text.HAL_RTC_WaitForSynchro
                0x08005e5e       0x50 Drivers/STM32F4xx_HAL_Driver/Src/stm32f4xx_hal_rtc.o
                0x08005e5e                HAL_RTC_WaitForSynchro
 .text.RTC_EnterInitMode
                0x08005eae       0x58 Drivers/STM32F4xx_HAL_Driver/Src/stm32f4xx_hal_rtc.o
                0x08005eae                RTC_EnterInitMode
 .text.RTC_ByteToBcd2
                0x08005f06       0x3c Drivers/STM32F4xx_HAL_Driver/Src/stm32f4xx_hal_rtc.o
                0x08005f06                RTC_ByteToBcd2
 .text.RTC_Bcd2ToByte
                0x08005f42       0x3c Drivers/STM32F4xx_HAL_Driver/Src/stm32f4xx_hal_rtc.o
                0x08005f42                RTC_Bcd2ToByte
 .text.HAL_SPI_Init
                0x08005f7e       0xc8 Drivers/STM32F4xx_HAL_Driver/Src/stm32f4xx_hal_spi.o
                0x08005f7e                HAL_SPI_Init
 .text.HAL_SPI_Transmit
                0x08006046      0x27a Drivers/STM32F4xx_HAL_Driver/Src/stm32f4xx_hal_spi.o
                0x08006046                HAL_SPI_Transmit
 .text.HAL_SPI_Receive
                0x080062c0      0x220 Drivers/STM32F4xx_HAL_Driver/Src/stm32f4xx_hal_spi.o
                0x080062c0                HAL_SPI_Receive
 .text.HAL_SPI_TransmitReceive
                0x080064e0      0x340 Drivers/STM32F4xx_HAL_Driver/Src/stm32f4xx_hal_spi.o
                0x080064e0                HAL_SPI_TransmitReceive
 .text.HAL_SPI_Transmit_DMA
                0x08006820      0x13c Drivers/STM32F4xx_HAL_Driver/Src/stm32f4xx_hal_spi.o
                0x08006820                HAL_SPI_Transmit_DMA
 .text.HAL_SPI_Receive_DMA
                0x0800695c      0x160 Drivers/STM32F4xx_HAL_Driver/Src/stm32f4xx_hal_spi.o
                0x0800695c                HAL_SPI_Receive_DMA
 .text.HAL_SPI_TransmitReceive_DMA
                0x08006abc      0x1d0 Drivers/STM32F4xx_HAL_Driver/Src/stm32f4xx_hal_spi.o
                0x08006abc                HAL_SPI_TransmitReceive_DMA
 .text.HAL_SPI_IRQHandler
                0x08006c8c      0x1b0 Drivers/STM32F4xx_HAL_Driver/Src/stm32f4xx_hal_spi.o
                0x08006c8c                HAL_SPI_IRQHandler
 .text.HAL_SPI_TxRxCpltCallback
                0x08006e3c       0x14 Drivers/STM32F4xx_HAL_Driver/Src/stm32f4xx_hal_spi.o
                0x08006e3c                HAL_SPI_TxRxCpltCallback
 .text.HAL_SPI_TxHalfCpltCallback
                0x08006e50       0x14 Drivers/STM32F4xx_HAL_Driver/Src/stm32f4xx_hal_spi.o
                0x08006e50                HAL_SPI_TxHalfCpltCallback
 .text.HAL_SPI_RxHalfCpltCallback
                0x08006e64       0x14 Drivers/STM32F4xx_HAL_Driver/Src/stm32f4xx_hal_spi.o
                0x08006e64                HAL_SPI_RxHalfCpltCallback
 .text.HAL_SPI_TxRxHalfCpltCallback
                0x08006e78       0x14 Drivers/STM32F4xx_HAL_Driver/Src/stm32f4xx_hal_spi.o
                0x08006e78                HAL_SPI_TxRxHalfCpltCallback
 .text.HAL_SPI_ErrorCallback
                0x08006e8c       0x14 Drivers/STM32F4xx_HAL_Driver/Src/stm32f4xx_hal_spi.o
                0x08006e8c                HAL_SPI_ErrorCallback
 .text.HAL_SPI_GetState
                0x08006ea0       0x1c Drivers/STM32F4xx_HAL_Driver/Src/stm32f4xx_hal_spi.o
                0x08006ea0                HAL_SPI_GetState
 .text.SPI_DMATransmitCplt
                0x08006ebc       0x9a Drivers/STM32F4xx_HAL_Driver/Src/stm32f4xx_hal_spi.o
 .text.SPI_DMAReceiveCplt
                0x08006f56       0x84 Drivers/STM32F4xx_HAL_Driver/Src/stm32f4xx_hal_spi.o
 .text.SPI_DMATransmitReceiveCplt
                0x08006fda       0x82 Drivers/STM32F4xx_HAL_Driver/Src/stm32f4xx_hal_spi.o
 .text.SPI_DMAHalfTransmitCplt
                0x0800705c       0x1c Drivers/STM32F4xx_HAL_Driver/Src/stm32f4xx_hal_spi.o
 .text.SPI_DMAHalfReceiveCplt
                0x08007078       0x1c Drivers/STM32F4xx_HAL_Driver/Src/stm32f4xx_hal_spi.o
 .text.SPI_DMAHalfTransmitReceiveCplt
                0x08007094       0x1c Drivers/STM32F4xx_HAL_Driver/Src/stm32f4xx_hal_spi.o
 .text.SPI_DMAError
                0x080070b0       0x40 Drivers/STM32F4xx_HAL_Driver/Src/stm32f4xx_hal_spi.o
 .text.SPI_DMAAbortOnError
                0x080070f0       0x28 Drivers/STM32F4xx_HAL_Driver/Src/stm32f4xx_hal_spi.o
 .text.SPI_WaitFlagStateUntilTimeout
                0x08007118       0xd2 Drivers/STM32F4xx_HAL_Driver/Src/stm32f4xx_hal_spi.o
 .text.SPI_CheckFlag_BSY
                0x080071ea       0x3c Drivers/STM32F4xx_HAL_Driver/Src/stm32f4xx_hal_spi.o
 .text.HAL_TIM_Base_Init
                0x08007226       0x56 Drivers/STM32F4xx_HAL_Driver/Src/stm32f4xx_hal_tim.o
                0x08007226                HAL_TIM_Base_Init
 .text.HAL_TIM_Base_Start_IT
                0x0800727c       0x36 Drivers/STM32F4xx_HAL_Driver/Src/stm32f4xx_hal_tim.o
                0x0800727c                HAL_TIM_Base_Start_IT
 .text.HAL_TIM_IRQHandler
                0x080072b2      0x210 Drivers/STM32F4xx_HAL_Driver/Src/stm32f4xx_hal_tim.o
                0x080072b2                HAL_TIM_IRQHandler
 .text.HAL_TIM_ConfigClockSource
                0x080074c2      0x1b6 Drivers/STM32F4xx_HAL_Driver/Src/stm32f4xx_hal_tim.o
                0x080074c2                HAL_TIM_ConfigClockSource
 .text.HAL_TIM_OC_DelayElapsedCallback
                0x08007678       0x14 Drivers/STM32F4xx_HAL_Driver/Src/stm32f4xx_hal_tim.o
                0x08007678                HAL_TIM_OC_DelayElapsedCallback
 .text.HAL_TIM_IC_CaptureCallback
                0x0800768c       0x14 Drivers/STM32F4xx_HAL_Driver/Src/stm32f4xx_hal_tim.o
                0x0800768c                HAL_TIM_IC_CaptureCallback
 .text.HAL_TIM_PWM_PulseFinishedCallback
                0x080076a0       0x14 Drivers/STM32F4xx_HAL_Driver/Src/stm32f4xx_hal_tim.o
                0x080076a0                HAL_TIM_PWM_PulseFinishedCallback
 .text.HAL_TIM_TriggerCallback
                0x080076b4       0x14 Drivers/STM32F4xx_HAL_Driver/Src/stm32f4xx_hal_tim.o
                0x080076b4                HAL_TIM_TriggerCallback
 .text.TIM_Base_SetConfig
                0x080076c8      0x154 Drivers/STM32F4xx_HAL_Driver/Src/stm32f4xx_hal_tim.o
                0x080076c8                TIM_Base_SetConfig
 .text.TIM_TI1_ConfigInputStage
                0x0800781c       0x66 Drivers/STM32F4xx_HAL_Driver/Src/stm32f4xx_hal_tim.o
 .text.TIM_TI2_ConfigInputStage
                0x08007882       0x68 Drivers/STM32F4xx_HAL_Driver/Src/stm32f4xx_hal_tim.o
 .text.TIM_ITRx_SetConfig
                0x080078ea       0x40 Drivers/STM32F4xx_HAL_Driver/Src/stm32f4xx_hal_tim.o
 .text.TIM_ETR_SetConfig
                0x0800792a       0x44 Drivers/STM32F4xx_HAL_Driver/Src/stm32f4xx_hal_tim.o
 .text.HAL_TIMEx_MasterConfigSynchronization
                0x0800796e       0x8a Drivers/STM32F4xx_HAL_Driver/Src/stm32f4xx_hal_tim_ex.o
                0x0800796e                HAL_TIMEx_MasterConfigSynchronization
 .text.HAL_TIMEx_CommutationCallback
                0x080079f8       0x14 Drivers/STM32F4xx_HAL_Driver/Src/stm32f4xx_hal_tim_ex.o
                0x080079f8                HAL_TIMEx_CommutationCallback
 .text.HAL_TIMEx_BreakCallback
                0x08007a0c       0x14 Drivers/STM32F4xx_HAL_Driver/Src/stm32f4xx_hal_tim_ex.o
                0x08007a0c                HAL_TIMEx_BreakCallback
 .text.HAL_UART_Init
                0x08007a20       0x9a Drivers/STM32F4xx_HAL_Driver/Src/stm32f4xx_hal_uart.o
                0x08007a20                HAL_UART_Init
 .text.HAL_UART_Transmit
                0x08007aba      0x132 Drivers/STM32F4xx_HAL_Driver/Src/stm32f4xx_hal_uart.o
                0x08007aba                HAL_UART_Transmit
 .text.HAL_UART_Receive
                0x08007bec      0x14c Drivers/STM32F4xx_HAL_Driver/Src/stm32f4xx_hal_uart.o
                0x08007bec                HAL_UART_Receive
 .text.UART_WaitOnFlagUntilTimeout
                0x08007d38       0x94 Drivers/STM32F4xx_HAL_Driver/Src/stm32f4xx_hal_uart.o
 .text.UART_SetConfig
                0x08007dcc      0x438 Drivers/STM32F4xx_HAL_Driver/Src/stm32f4xx_hal_uart.o
 .text.SS_MS56_init
                0x08008204       0x40 Src/SS_MS5607.o
                0x08008204                SS_MS56_init
 .text.SS_MS56_CS_ENABLE
                0x08008244       0x18 Src/SS_MS5607.o
                0x08008244                SS_MS56_CS_ENABLE
 .text.SS_MS56_CS_DISABLE
                0x0800825c       0x18 Src/SS_MS5607.o
                0x0800825c                SS_MS56_CS_DISABLE
 .text.SS_MS56_reset
                0x08008274       0x50 Src/SS_MS5607.o
                0x08008274                SS_MS56_reset
 .text.SS_MS56_prom_read
                0x080082c4       0x9c Src/SS_MS5607.o
                0x080082c4                SS_MS56_prom_read
 .text.SS_MS56_adc_read
                0x08008360       0x80 Src/SS_MS5607.o
                0x08008360                SS_MS56_adc_read
 .text.SS_MS56_convertion_press_start
                0x080083e0       0x4c Src/SS_MS5607.o
                0x080083e0                SS_MS56_convertion_press_start
 .text.SS_MS56_convertion_temp_start
                0x0800842c       0x4c Src/SS_MS5607.o
                0x0800842c                SS_MS56_convertion_temp_start
 .text.SS_MS56_set_wait_it
                0x08008478       0xdc Src/SS_MS5607.o
                0x08008478                SS_MS56_set_wait_it
 .text.SS_MS56_decrement_wait_ready
                0x08008554       0x4c Src/SS_MS5607.o
                0x08008554                SS_MS56_decrement_wait_ready
 .text.SS_MS56_read_convert_non_polling
                0x080085a0      0x1ec Src/SS_MS5607.o
                0x080085a0                SS_MS56_read_convert_non_polling
 .text.SS_MS56_DMA_read_convert_and_calculate
                0x0800878c       0x18 Src/SS_MS5607.o
                0x0800878c                SS_MS56_DMA_read_convert_and_calculate
 .text.SS_MS56_DMA_convertion_press_start
                0x080087a4       0x30 Src/SS_MS5607.o
                0x080087a4                SS_MS56_DMA_convertion_press_start
 .text.SS_MS56_DMA_convertion_temp_start
                0x080087d4       0x30 Src/SS_MS5607.o
                0x080087d4                SS_MS56_DMA_convertion_temp_start
 .text.SS_MS56_DMA_adc_read_TX
                0x08008804       0x34 Src/SS_MS5607.o
                0x08008804                SS_MS56_DMA_adc_read_TX
 .text.SS_MS56_DMA_adc_read_RX_press
                0x08008838       0x1c Src/SS_MS5607.o
                0x08008838                SS_MS56_DMA_adc_read_RX_press
 .text.SS_MS56_DMA_adc_read_RX_temp
                0x08008854       0x1c Src/SS_MS5607.o
                0x08008854                SS_MS56_DMA_adc_read_RX_temp
 .text.SS_MS56_calculate_values
                0x08008870      0x1a8 Src/SS_MS5607.o
                0x08008870                SS_MS56_calculate_values
 .text.SS_MS56_DMA_wait
                0x08008a18       0x60 Src/SS_MS5607.o
                0x08008a18                SS_MS56_DMA_wait
 .text.HAL_SYSTICK_Callback
                0x08008a78       0xbc Src/SS_MS5607.o
                0x08008a78                HAL_SYSTICK_Callback
 .text.SS_MS56_set_ref_press
                0x08008b34       0x1c Src/SS_MS5607.o
                0x08008b34                SS_MS56_set_ref_press
 .text.SS_MS56_get_ref_press
                0x08008b50       0x18 Src/SS_MS5607.o
                0x08008b50                SS_MS56_get_ref_press
 .text.SS_MS56_get_altitude
                0x08008b68       0x9c Src/SS_MS5607.o
                0x08008b68                SS_MS56_get_altitude
 .text.SS_MS56_calculate_average_altitiude
                0x08008c04       0x68 Src/SS_MS5607.o
                0x08008c04                SS_MS56_calculate_average_altitiude
 .text.SS_MS56_calculate_average_press
                0x08008c6c       0x68 Src/SS_MS5607.o
                0x08008c6c                SS_MS56_calculate_average_press
 .text.SS_S25FL_select
                0x08008cd4       0x18 Src/SS_S25FL.o
                0x08008cd4                SS_S25FL_select
 .text.SS_S25FL_deselect
                0x08008cec       0x18 Src/SS_S25FL.o
                0x08008cec                SS_S25FL_deselect
 .text.SS_S25FL_reset_activ
                0x08008d04       0x18 Src/SS_S25FL.o
                0x08008d04                SS_S25FL_reset_activ
 .text.SS_S25FL_reset_deactiv
                0x08008d1c       0x18 Src/SS_S25FL.o
                0x08008d1c                SS_S25FL_reset_deactiv
 .text.SS_S25FL__dma_transfer_cs_handler
                0x08008d34       0x70 Src/SS_S25FL.o
                0x08008d34                SS_S25FL__dma_transfer_cs_handler
 .text.SS_S25FL_inc_timestamp_handler
                0x08008da4       0x30 Src/SS_S25FL.o
                0x08008da4                SS_S25FL_inc_timestamp_handler
 .text.SS_S25FL_get_addr_from_page
                0x08008dd4       0x28 Src/SS_S25FL.o
                0x08008dd4                SS_S25FL_get_addr_from_page
 .text.SS_S25FL_get_addr_from_sector
                0x08008dfc       0x28 Src/SS_S25FL.o
                0x08008dfc                SS_S25FL_get_addr_from_sector
 .text.SS_S25FL_get_addr_from_block
                0x08008e24       0x28 Src/SS_S25FL.o
                0x08008e24                SS_S25FL_get_addr_from_block
 .text.SS_S25FL_get_sector_num_from_page
                0x08008e4c       0x48 Src/SS_S25FL.o
                0x08008e4c                SS_S25FL_get_sector_num_from_page
 .text.SS_S25FL_get_dma_transfer_state
                0x08008e94       0x4c Src/SS_S25FL.o
                0x08008e94                SS_S25FL_get_dma_transfer_state
 .text.SS_S25FL_get_dma_spi_state
                0x08008ee0       0x64 Src/SS_S25FL.o
                0x08008ee0                SS_S25FL_get_dma_spi_state
 .text.SS_S25FL_wait_4_spi_bus
                0x08008f44       0x40 Src/SS_S25FL.o
                0x08008f44                SS_S25FL_wait_4_spi_bus
 .text.SS_S25FL_reset_init
                0x08008f84       0x28 Src/SS_S25FL.o
                0x08008f84                SS_S25FL_reset_init
 .text.SS_S25FL_read_status
                0x08008fac       0x38 Src/SS_S25FL.o
                0x08008fac                SS_S25FL_read_status
 .text.SS_S25FL_check_write_progress
                0x08008fe4       0x1c Src/SS_S25FL.o
                0x08008fe4                SS_S25FL_check_write_progress
 .text.SS_S25FL_wait_4_flash
                0x08009000       0x44 Src/SS_S25FL.o
                0x08009000                SS_S25FL_wait_4_flash
 .text.SS_S25FL_write_enable
                0x08009044       0x40 Src/SS_S25FL.o
                0x08009044                SS_S25FL_write_enable
 .text.SS_S25FL_erase_sector
                0x08009084       0x94 Src/SS_S25FL.o
                0x08009084                SS_S25FL_erase_sector
 .text.SS_S25FL_erase_block
                0x08009118       0x94 Src/SS_S25FL.o
                0x08009118                SS_S25FL_erase_block
 .text.SS_S25FL_erase_full_chip
                0x080091ac       0x68 Src/SS_S25FL.o
                0x080091ac                SS_S25FL_erase_full_chip
 .text.SS_S25FL_write_bytes
                0x08009214       0x88 Src/SS_S25FL.o
                0x08009214                SS_S25FL_write_bytes
 .text.SS_S25FL_read_page
                0x0800929c       0x90 Src/SS_S25FL.o
                0x0800929c                SS_S25FL_read_page
 .text.SS_S25FL_write_page_dma
                0x0800932c       0x94 Src/SS_S25FL.o
                0x0800932c                SS_S25FL_write_page_dma
 .text.SS_S25FL__addr_section__find_last_written_byte
                0x080093c0      0x15c Src/SS_S25FL.o
                0x080093c0                SS_S25FL__addr_section__find_last_written_byte
 .text.SS_S25FL__addr_section__byte_zeroes_inc
                0x0800951c       0x38 Src/SS_S25FL.o
                0x0800951c                SS_S25FL__addr_section__byte_zeroes_inc
 .text.SS_S25FL__addr_section__get_last_log_page_init
                0x08009554       0xac Src/SS_S25FL.o
                0x08009554                SS_S25FL__addr_section__get_last_log_page_init
 .text.SS_S25FL__addr_section__get_last_log_page
                0x08009600       0x58 Src/SS_S25FL.o
                0x08009600                SS_S25FL__addr_section__get_last_log_page
 .text.SS_S25FL__addr_section__inc_last_log_page
                0x08009658       0x7c Src/SS_S25FL.o
                0x08009658                SS_S25FL__addr_section__inc_last_log_page
 .text.SS_S25FL_erase_in_page_range
                0x080096d4       0x3c Src/SS_S25FL.o
                0x080096d4                SS_S25FL_erase_in_page_range
 .text.SS_S25FL__addr_section__erase
                0x08009710       0x80 Src/SS_S25FL.o
                0x08009710                SS_S25FL__addr_section__erase
 .text.SS_S25FL_erase_only_written_pages
                0x08009790       0x88 Src/SS_S25FL.o
                0x08009790                SS_S25FL_erase_only_written_pages
 .text.SS_S25FL_check_flash_overflow
                0x08009818       0x34 Src/SS_S25FL.o
                0x08009818                SS_S25FL_check_flash_overflow
 .text.SS_S25FL_saving_init
                0x0800984c       0x84 Src/SS_S25FL.o
                0x0800984c                SS_S25FL_saving_init
 .text.SS_S25FL_start_logging
                0x080098d0       0x18 Src/SS_S25FL.o
                0x080098d0                SS_S25FL_start_logging
 .text.SS_S25FL_stop_logging
                0x080098e8       0x18 Src/SS_S25FL.o
                0x080098e8                SS_S25FL_stop_logging
 .text.SS_S25FL_save_variable_u32
                0x08009900      0x200 Src/SS_S25FL.o
                0x08009900                SS_S25FL_save_variable_u32
 .text.SS_S25FL_dump_page_to_uart
                0x08009b00       0xdc Src/SS_S25FL.o
                0x08009b00                SS_S25FL_dump_page_to_uart
 .text.SS_S25FL_read_data_logs_to_uart
                0x08009bdc      0x298 Src/SS_S25FL.o
                0x08009bdc                SS_S25FL_read_data_logs_to_uart
 .text.scd_i2c_read_words
                0x08009e74       0xcc Src/SS_SCD30.o
 .text.scd_fill_cmd_send_buf
                0x08009f40       0xb8 Src/SS_SCD30.o
 .text.scd_i2c_write
                0x08009ff8       0x32 Src/SS_SCD30.o
 .text.scd_i2c_read_words_from_cmd
                0x0800a02a       0x3e Src/SS_SCD30.o
 .text.scd_start_periodic_measurement
                0x0800a068       0x4e Src/SS_SCD30.o
                0x0800a068                scd_start_periodic_measurement
 .text.scd_read_measurement
                0x0800a0b6       0xce Src/SS_SCD30.o
                0x0800a0b6                scd_read_measurement
 .text.scd_set_measurement_interval
                0x0800a184       0x48 Src/SS_SCD30.o
                0x0800a184                scd_set_measurement_interval
 .text.scd_get_data_ready
                0x0800a1cc       0x1e Src/SS_SCD30.o
                0x0800a1cc                scd_get_data_ready
 *fill*         0x0800a1ea        0x2 
 .text.set_beeps
                0x0800a1ec       0x20 Src/SS_it.o
                0x0800a1ec                set_beeps
 .text.set_gap  0x0800a20c       0x30 Src/SS_it.o
                0x0800a20c                set_gap
 .text.HAL_TIM_PeriodElapsedCallback
                0x0800a23c       0x98 Src/SS_it.o
                0x0800a23c                HAL_TIM_PeriodElapsedCallback
 .text.HAL_SPI_TxCpltCallback
                0x0800a2d4       0xc0 Src/SS_it.o
                0x0800a2d4                HAL_SPI_TxCpltCallback
 .text.HAL_SPI_RxCpltCallback
                0x0800a394       0x78 Src/SS_it.o
                0x0800a394                HAL_SPI_RxCpltCallback
 .text.SS_buzzer_start_count
                0x0800a40c       0x48 Src/SS_support.o
                0x0800a40c                SS_buzzer_start_count
 .text.MX_ADC1_Init
                0x0800a454       0xbc Src/adc.o
                0x0800a454                MX_ADC1_Init
 .text.MX_ADC2_Init
                0x0800a510       0xa0 Src/adc.o
                0x0800a510                MX_ADC2_Init
 .text.MX_ADC3_Init
                0x0800a5b0       0xbc Src/adc.o
                0x0800a5b0                MX_ADC3_Init
 .text.HAL_ADC_MspInit
                0x0800a66c      0x2f8 Src/adc.o
                0x0800a66c                HAL_ADC_MspInit
 .text.MX_DMA_Init
                0x0800a964       0xac Src/dma.o
                0x0800a964                MX_DMA_Init
 .text.MX_GPIO_Init
                0x0800aa10      0x1e0 Src/gpio.o
                0x0800aa10                MX_GPIO_Init
 .text.MX_I2C1_Init
                0x0800abf0       0x5c Src/i2c.o
                0x0800abf0                MX_I2C1_Init
 .text.MX_I2C2_Init
                0x0800ac4c       0x5c Src/i2c.o
                0x0800ac4c                MX_I2C2_Init
 .text.MX_I2C3_Init
                0x0800aca8       0x5c Src/i2c.o
                0x0800aca8                MX_I2C3_Init
 .text.HAL_I2C_MspInit
                0x0800ad04      0x248 Src/i2c.o
                0x0800ad04                HAL_I2C_MspInit
 .text.main     0x0800af4c      0x518 Src/main.o
                0x0800af4c                main
 .text.SystemClock_Config
                0x0800b464      0x130 Src/main.o
                0x0800b464                SystemClock_Config
 .text.Error_Handler
                0x0800b594        0xe Src/main.o
                0x0800b594                Error_Handler
 *fill*         0x0800b5a2        0x2 
 .text.MX_RTC_Init
                0x0800b5a4       0xb4 Src/rtc.o
                0x0800b5a4                MX_RTC_Init
 .text.HAL_RTC_MspInit
                0x0800b658       0x2c Src/rtc.o
                0x0800b658                HAL_RTC_MspInit
 .text.sensirion_common_generate_crc
                0x0800b684       0x70 Src/sensirion_common.o
                0x0800b684                sensirion_common_generate_crc
 .text.sensirion_common_check_crc
                0x0800b6f4       0x34 Src/sensirion_common.o
                0x0800b6f4                sensirion_common_check_crc
 .text.sensirion_i2c_read
                0x0800b728       0x38 Src/sensirion_hw_i2c_implementation.o
                0x0800b728                sensirion_i2c_read
 .text.sensirion_i2c_write
                0x0800b760       0x38 Src/sensirion_hw_i2c_implementation.o
                0x0800b760                sensirion_i2c_write
 .text.sensirion_sleep_usec
                0x0800b798       0x5c Src/sensirion_hw_i2c_implementation.o
                0x0800b798                sensirion_sleep_usec
 .text.MX_SPI1_Init
                0x0800b7f4       0x6c Src/spi.o
                0x0800b7f4                MX_SPI1_Init
 .text.MX_SPI2_Init
                0x0800b860       0x6c Src/spi.o
                0x0800b860                MX_SPI2_Init
 .text.MX_SPI3_Init
                0x0800b8cc       0x6c Src/spi.o
                0x0800b8cc                MX_SPI3_Init
 .text.MX_SPI4_Init
                0x0800b938       0x6c Src/spi.o
                0x0800b938                MX_SPI4_Init
 .text.HAL_SPI_MspInit
                0x0800b9a4      0x378 Src/spi.o
                0x0800b9a4                HAL_SPI_MspInit
 .text.HAL_MspInit
                0x0800bd1c       0x50 Src/stm32f4xx_hal_msp.o
                0x0800bd1c                HAL_MspInit
 .text.NMI_Handler
                0x0800bd6c        0xe Src/stm32f4xx_it.o
                0x0800bd6c                NMI_Handler
 .text.HardFault_Handler
                0x0800bd7a        0x6 Src/stm32f4xx_it.o
                0x0800bd7a                HardFault_Handler
 .text.MemManage_Handler
                0x0800bd80        0x6 Src/stm32f4xx_it.o
                0x0800bd80                MemManage_Handler
 .text.BusFault_Handler
                0x0800bd86        0x6 Src/stm32f4xx_it.o
                0x0800bd86                BusFault_Handler
 .text.UsageFault_Handler
                0x0800bd8c        0x6 Src/stm32f4xx_it.o
                0x0800bd8c                UsageFault_Handler
 .text.SVC_Handler
                0x0800bd92        0xe Src/stm32f4xx_it.o
                0x0800bd92                SVC_Handler
 .text.DebugMon_Handler
                0x0800bda0        0xe Src/stm32f4xx_it.o
                0x0800bda0                DebugMon_Handler
 .text.PendSV_Handler
                0x0800bdae        0xe Src/stm32f4xx_it.o
                0x0800bdae                PendSV_Handler
 .text.SysTick_Handler
                0x0800bdbc       0x10 Src/stm32f4xx_it.o
                0x0800bdbc                SysTick_Handler
 .text.DMA1_Stream0_IRQHandler
                0x0800bdcc       0x14 Src/stm32f4xx_it.o
                0x0800bdcc                DMA1_Stream0_IRQHandler
 .text.DMA1_Stream3_IRQHandler
                0x0800bde0       0x14 Src/stm32f4xx_it.o
                0x0800bde0                DMA1_Stream3_IRQHandler
 .text.DMA1_Stream4_IRQHandler
                0x0800bdf4       0x14 Src/stm32f4xx_it.o
                0x0800bdf4                DMA1_Stream4_IRQHandler
 .text.DMA1_Stream5_IRQHandler
                0x0800be08       0x14 Src/stm32f4xx_it.o
                0x0800be08                DMA1_Stream5_IRQHandler
 .text.ADC_IRQHandler
                0x0800be1c       0x28 Src/stm32f4xx_it.o
                0x0800be1c                ADC_IRQHandler
 .text.TIM2_IRQHandler
                0x0800be44       0x14 Src/stm32f4xx_it.o
                0x0800be44                TIM2_IRQHandler
 .text.TIM3_IRQHandler
                0x0800be58       0x14 Src/stm32f4xx_it.o
                0x0800be58                TIM3_IRQHandler
 .text.I2C1_EV_IRQHandler
                0x0800be6c       0x14 Src/stm32f4xx_it.o
                0x0800be6c                I2C1_EV_IRQHandler
 .text.I2C1_ER_IRQHandler
                0x0800be80       0x14 Src/stm32f4xx_it.o
                0x0800be80                I2C1_ER_IRQHandler
 .text.I2C2_EV_IRQHandler
                0x0800be94       0x14 Src/stm32f4xx_it.o
                0x0800be94                I2C2_EV_IRQHandler
 .text.I2C2_ER_IRQHandler
                0x0800bea8       0x14 Src/stm32f4xx_it.o
                0x0800bea8                I2C2_ER_IRQHandler
 .text.SPI2_IRQHandler
                0x0800bebc       0x14 Src/stm32f4xx_it.o
                0x0800bebc                SPI2_IRQHandler
 .text.TIM8_UP_TIM13_IRQHandler
                0x0800bed0       0x14 Src/stm32f4xx_it.o
                0x0800bed0                TIM8_UP_TIM13_IRQHandler
 .text.TIM8_TRG_COM_TIM14_IRQHandler
                0x0800bee4       0x1c Src/stm32f4xx_it.o
                0x0800bee4                TIM8_TRG_COM_TIM14_IRQHandler
 .text.DMA2_Stream0_IRQHandler
                0x0800bf00       0x14 Src/stm32f4xx_it.o
                0x0800bf00                DMA2_Stream0_IRQHandler
 .text.DMA2_Stream1_IRQHandler
                0x0800bf14       0x14 Src/stm32f4xx_it.o
                0x0800bf14                DMA2_Stream1_IRQHandler
 .text.I2C3_EV_IRQHandler
                0x0800bf28       0x14 Src/stm32f4xx_it.o
                0x0800bf28                I2C3_EV_IRQHandler
 .text.I2C3_ER_IRQHandler
                0x0800bf3c       0x14 Src/stm32f4xx_it.o
                0x0800bf3c                I2C3_ER_IRQHandler
 .text.SystemInit
                0x0800bf50       0x6c Src/system_stm32f4xx.o
                0x0800bf50                SystemInit
 .text.MX_TIM2_Init
                0x0800bfbc       0x94 Src/tim.o
                0x0800bfbc                MX_TIM2_Init
 .text.MX_TIM3_Init
                0x0800c050       0x94 Src/tim.o
                0x0800c050                MX_TIM3_Init
 .text.MX_TIM8_Init
                0x0800c0e4       0x9c Src/tim.o
                0x0800c0e4                MX_TIM8_Init
 .text.MX_TIM14_Init
                0x0800c180       0x40 Src/tim.o
                0x0800c180                MX_TIM14_Init
 .text.HAL_TIM_Base_MspInit
                0x0800c1c0      0x110 Src/tim.o
                0x0800c1c0                HAL_TIM_Base_MspInit
 .text.MX_USART2_UART_Init
                0x0800c2d0       0x54 Src/usart.o
                0x0800c2d0                MX_USART2_UART_Init
 .text.HAL_UART_MspInit
                0x0800c324       0x90 Src/usart.o
                0x0800c324                HAL_UART_MspInit
 .text.Reset_Handler
                0x0800c3b4       0x50 startup/startup_stm32f446xx.o
                0x0800c3b4                Reset_Handler
 .text.Default_Handler
                0x0800c404        0x2 startup/startup_stm32f446xx.o
                0x0800c404                RTC_Alarm_IRQHandler
                0x0800c404                EXTI2_IRQHandler
                0x0800c404                TIM8_CC_IRQHandler
                0x0800c404                SPI4_IRQHandler
                0x0800c404                TIM1_CC_IRQHandler
                0x0800c404                DMA2_Stream5_IRQHandler
                0x0800c404                PVD_IRQHandler
                0x0800c404                SDIO_IRQHandler
                0x0800c404                TAMP_STAMP_IRQHandler
                0x0800c404                CAN2_RX1_IRQHandler
                0x0800c404                EXTI3_IRQHandler
                0x0800c404                TIM1_UP_TIM10_IRQHandler
                0x0800c404                FMPI2C1_Event_IRQHandler
                0x0800c404                EXTI0_IRQHandler
                0x0800c404                DMA1_Stream2_IRQHandler
                0x0800c404                CAN1_RX0_IRQHandler
                0x0800c404                FPU_IRQHandler
                0x0800c404                OTG_HS_WKUP_IRQHandler
                0x0800c404                CAN2_SCE_IRQHandler
                0x0800c404                DMA2_Stream2_IRQHandler
                0x0800c404                SPI1_IRQHandler
                0x0800c404                TIM6_DAC_IRQHandler
                0x0800c404                TIM1_BRK_TIM9_IRQHandler
                0x0800c404                DCMI_IRQHandler
                0x0800c404                CAN2_RX0_IRQHandler
                0x0800c404                DMA2_Stream3_IRQHandler
                0x0800c404                SAI2_IRQHandler
                0x0800c404                USART6_IRQHandler
                0x0800c404                USART3_IRQHandler
                0x0800c404                CAN1_RX1_IRQHandler
                0x0800c404                UART5_IRQHandler
                0x0800c404                TIM4_IRQHandler
                0x0800c404                QUADSPI_IRQHandler
                0x0800c404                DMA1_Stream6_IRQHandler
                0x0800c404                DMA1_Stream1_IRQHandler
                0x0800c404                UART4_IRQHandler
                0x0800c404                RCC_IRQHandler
                0x0800c404                TIM8_BRK_TIM12_IRQHandler
                0x0800c404                Default_Handler
                0x0800c404                CEC_IRQHandler
                0x0800c404                EXTI15_10_IRQHandler
                0x0800c404                DMA1_Stream7_IRQHandler
                0x0800c404                TIM7_IRQHandler
                0x0800c404                CAN2_TX_IRQHandler
                0x0800c404                TIM5_IRQHandler
                0x0800c404                DMA2_Stream7_IRQHandler
                0x0800c404                EXTI9_5_IRQHandler
                0x0800c404                RTC_WKUP_IRQHandler
                0x0800c404                SPDIF_RX_IRQHandler
                0x0800c404                OTG_HS_EP1_IN_IRQHandler
                0x0800c404                CAN1_TX_IRQHandler
                0x0800c404                EXTI4_IRQHandler
                0x0800c404                OTG_HS_EP1_OUT_IRQHandler
                0x0800c404                WWDG_IRQHandler
                0x0800c404                OTG_FS_WKUP_IRQHandler
                0x0800c404                TIM1_TRG_COM_TIM11_IRQHandler
                0x0800c404                OTG_HS_IRQHandler
                0x0800c404                EXTI1_IRQHandler
                0x0800c404                USART2_IRQHandler
                0x0800c404                CAN1_SCE_IRQHandler
                0x0800c404                FLASH_IRQHandler
                0x0800c404                DMA2_Stream4_IRQHandler
                0x0800c404                USART1_IRQHandler
                0x0800c404                OTG_FS_IRQHandler
                0x0800c404                SPI3_IRQHandler
                0x0800c404                FMC_IRQHandler
                0x0800c404                DMA2_Stream6_IRQHandler
                0x0800c404                SAI1_IRQHandler
                0x0800c404                FMPI2C1_Error_IRQHandler
 *fill*         0x0800c406        0x2 
 .text.pow      0x0800c408      0x338 c:/ac6/systemworkbench/plugins/fr.ac6.mcu.externaltools.arm-none.win32_1.17.0.201812190825/tools/compiler/bin/../lib/gcc/arm-none-eabi/7.3.1/../../../../arm-none-eabi/lib/thumb/v7e-m/fpv4-sp/hard\libm.a(lib_a-w_pow.o)
                0x0800c408                pow
 .text.__ieee754_pow
                0x0800c740      0xab8 c:/ac6/systemworkbench/plugins/fr.ac6.mcu.externaltools.arm-none.win32_1.17.0.201812190825/tools/compiler/bin/../lib/gcc/arm-none-eabi/7.3.1/../../../../arm-none-eabi/lib/thumb/v7e-m/fpv4-sp/hard\libm.a(lib_a-e_pow.o)
                0x0800c740                __ieee754_pow
 .text.__ieee754_sqrt
                0x0800d1f8      0x194 c:/ac6/systemworkbench/plugins/fr.ac6.mcu.externaltools.arm-none.win32_1.17.0.201812190825/tools/compiler/bin/../lib/gcc/arm-none-eabi/7.3.1/../../../../arm-none-eabi/lib/thumb/v7e-m/fpv4-sp/hard\libm.a(lib_a-e_sqrt.o)
                0x0800d1f8                __ieee754_sqrt
 .text.fabs     0x0800d38c       0x14 c:/ac6/systemworkbench/plugins/fr.ac6.mcu.externaltools.arm-none.win32_1.17.0.201812190825/tools/compiler/bin/../lib/gcc/arm-none-eabi/7.3.1/../../../../arm-none-eabi/lib/thumb/v7e-m/fpv4-sp/hard\libm.a(lib_a-s_fabs.o)
                0x0800d38c                fabs
 .text.finite   0x0800d3a0       0x10 c:/ac6/systemworkbench/plugins/fr.ac6.mcu.externaltools.arm-none.win32_1.17.0.201812190825/tools/compiler/bin/../lib/gcc/arm-none-eabi/7.3.1/../../../../arm-none-eabi/lib/thumb/v7e-m/fpv4-sp/hard\libm.a(lib_a-s_finite.o)
                0x0800d3a0                finite
 .text.matherr  0x0800d3b0        0x4 c:/ac6/systemworkbench/plugins/fr.ac6.mcu.externaltools.arm-none.win32_1.17.0.201812190825/tools/compiler/bin/../lib/gcc/arm-none-eabi/7.3.1/../../../../arm-none-eabi/lib/thumb/v7e-m/fpv4-sp/hard\libm.a(lib_a-s_matherr.o)
                0x0800d3b0                matherr
 *fill*         0x0800d3b4        0x4 
 .text.nan      0x0800d3b8       0x10 c:/ac6/systemworkbench/plugins/fr.ac6.mcu.externaltools.arm-none.win32_1.17.0.201812190825/tools/compiler/bin/../lib/gcc/arm-none-eabi/7.3.1/../../../../arm-none-eabi/lib/thumb/v7e-m/fpv4-sp/hard\libm.a(lib_a-s_nan.o)
                0x0800d3b8                nan
 .text.rint     0x0800d3c8      0x110 c:/ac6/systemworkbench/plugins/fr.ac6.mcu.externaltools.arm-none.win32_1.17.0.201812190825/tools/compiler/bin/../lib/gcc/arm-none-eabi/7.3.1/../../../../arm-none-eabi/lib/thumb/v7e-m/fpv4-sp/hard\libm.a(lib_a-s_rint.o)
                0x0800d3c8                rint
 .text.scalbn   0x0800d4d8      0x114 c:/ac6/systemworkbench/plugins/fr.ac6.mcu.externaltools.arm-none.win32_1.17.0.201812190825/tools/compiler/bin/../lib/gcc/arm-none-eabi/7.3.1/../../../../arm-none-eabi/lib/thumb/v7e-m/fpv4-sp/hard\libm.a(lib_a-s_scalbn.o)
                0x0800d4d8                scalbn
 .text.copysign
                0x0800d5ec       0x1c c:/ac6/systemworkbench/plugins/fr.ac6.mcu.externaltools.arm-none.win32_1.17.0.201812190825/tools/compiler/bin/../lib/gcc/arm-none-eabi/7.3.1/../../../../arm-none-eabi/lib/thumb/v7e-m/fpv4-sp/hard\libm.a(lib_a-s_copysign.o)
                0x0800d5ec                copysign
 .text.__errno  0x0800d608        0xc c:/ac6/systemworkbench/plugins/fr.ac6.mcu.externaltools.arm-none.win32_1.17.0.201812190825/tools/compiler/bin/../lib/gcc/arm-none-eabi/7.3.1/../../../../arm-none-eabi/lib/thumb/v7e-m/fpv4-sp/hard\libc_nano.a(lib_a-errno.o)
                0x0800d608                __errno
 .text.__libc_init_array
                0x0800d614       0x48 c:/ac6/systemworkbench/plugins/fr.ac6.mcu.externaltools.arm-none.win32_1.17.0.201812190825/tools/compiler/bin/../lib/gcc/arm-none-eabi/7.3.1/../../../../arm-none-eabi/lib/thumb/v7e-m/fpv4-sp/hard\libc_nano.a(lib_a-init.o)
                0x0800d614                __libc_init_array
 .text.memset   0x0800d65c       0x10 c:/ac6/systemworkbench/plugins/fr.ac6.mcu.externaltools.arm-none.win32_1.17.0.201812190825/tools/compiler/bin/../lib/gcc/arm-none-eabi/7.3.1/../../../../arm-none-eabi/lib/thumb/v7e-m/fpv4-sp/hard\libc_nano.a(lib_a-memset.o)
                0x0800d65c                memset
 .text.__cvt    0x0800d66c       0xc2 c:/ac6/systemworkbench/plugins/fr.ac6.mcu.externaltools.arm-none.win32_1.17.0.201812190825/tools/compiler/bin/../lib/gcc/arm-none-eabi/7.3.1/../../../../arm-none-eabi/lib/thumb/v7e-m/fpv4-sp/hard\libc_nano.a(lib_a-nano-vfprintf_float.o)
                0x0800d66c                __cvt
 .text.__exponent
                0x0800d72e       0x66 c:/ac6/systemworkbench/plugins/fr.ac6.mcu.externaltools.arm-none.win32_1.17.0.201812190825/tools/compiler/bin/../lib/gcc/arm-none-eabi/7.3.1/../../../../arm-none-eabi/lib/thumb/v7e-m/fpv4-sp/hard\libc_nano.a(lib_a-nano-vfprintf_float.o)
                0x0800d72e                __exponent
 .text._printf_float
                0x0800d794      0x480 c:/ac6/systemworkbench/plugins/fr.ac6.mcu.externaltools.arm-none.win32_1.17.0.201812190825/tools/compiler/bin/../lib/gcc/arm-none-eabi/7.3.1/../../../../arm-none-eabi/lib/thumb/v7e-m/fpv4-sp/hard\libc_nano.a(lib_a-nano-vfprintf_float.o)
                0x0800d794                _printf_float
 .text._printf_common
                0x0800dc14       0xea c:/ac6/systemworkbench/plugins/fr.ac6.mcu.externaltools.arm-none.win32_1.17.0.201812190825/tools/compiler/bin/../lib/gcc/arm-none-eabi/7.3.1/../../../../arm-none-eabi/lib/thumb/v7e-m/fpv4-sp/hard\libc_nano.a(lib_a-nano-vfprintf_i.o)
                0x0800dc14                _printf_common
 *fill*         0x0800dcfe        0x2 
 .text._printf_i
                0x0800dd00      0x224 c:/ac6/systemworkbench/plugins/fr.ac6.mcu.externaltools.arm-none.win32_1.17.0.201812190825/tools/compiler/bin/../lib/gcc/arm-none-eabi/7.3.1/../../../../arm-none-eabi/lib/thumb/v7e-m/fpv4-sp/hard\libc_nano.a(lib_a-nano-vfprintf_i.o)
                0x0800dd00                _printf_i
 .text.sprintf  0x0800df24       0x40 c:/ac6/systemworkbench/plugins/fr.ac6.mcu.externaltools.arm-none.win32_1.17.0.201812190825/tools/compiler/bin/../lib/gcc/arm-none-eabi/7.3.1/../../../../arm-none-eabi/lib/thumb/v7e-m/fpv4-sp/hard\libc_nano.a(lib_a-sprintf.o)
                0x0800df24                siprintf
                0x0800df24                sprintf
 .text.quorem   0x0800df64      0x118 c:/ac6/systemworkbench/plugins/fr.ac6.mcu.externaltools.arm-none.win32_1.17.0.201812190825/tools/compiler/bin/../lib/gcc/arm-none-eabi/7.3.1/../../../../arm-none-eabi/lib/thumb/v7e-m/fpv4-sp/hard\libc_nano.a(lib_a-dtoa.o)
 *fill*         0x0800e07c        0x4 
 .text._dtoa_r  0x0800e080      0xb70 c:/ac6/systemworkbench/plugins/fr.ac6.mcu.externaltools.arm-none.win32_1.17.0.201812190825/tools/compiler/bin/../lib/gcc/arm-none-eabi/7.3.1/../../../../arm-none-eabi/lib/thumb/v7e-m/fpv4-sp/hard\libc_nano.a(lib_a-dtoa.o)
                0x0800e080                _dtoa_r
 .text._localeconv_r
                0x0800ebf0       0x1c c:/ac6/systemworkbench/plugins/fr.ac6.mcu.externaltools.arm-none.win32_1.17.0.201812190825/tools/compiler/bin/../lib/gcc/arm-none-eabi/7.3.1/../../../../arm-none-eabi/lib/thumb/v7e-m/fpv4-sp/hard\libc_nano.a(lib_a-localeconv.o)
                0x0800ebf0                _localeconv_r
 .text.malloc   0x0800ec0c       0x10 c:/ac6/systemworkbench/plugins/fr.ac6.mcu.externaltools.arm-none.win32_1.17.0.201812190825/tools/compiler/bin/../lib/gcc/arm-none-eabi/7.3.1/../../../../arm-none-eabi/lib/thumb/v7e-m/fpv4-sp/hard\libc_nano.a(lib_a-malloc.o)
                0x0800ec0c                malloc
 .text.memcpy   0x0800ec1c       0x16 c:/ac6/systemworkbench/plugins/fr.ac6.mcu.externaltools.arm-none.win32_1.17.0.201812190825/tools/compiler/bin/../lib/gcc/arm-none-eabi/7.3.1/../../../../arm-none-eabi/lib/thumb/v7e-m/fpv4-sp/hard\libc_nano.a(lib_a-memcpy-stub.o)
                0x0800ec1c                memcpy
 .text._Balloc  0x0800ec32       0x68 c:/ac6/systemworkbench/plugins/fr.ac6.mcu.externaltools.arm-none.win32_1.17.0.201812190825/tools/compiler/bin/../lib/gcc/arm-none-eabi/7.3.1/../../../../arm-none-eabi/lib/thumb/v7e-m/fpv4-sp/hard\libc_nano.a(lib_a-mprec.o)
                0x0800ec32                _Balloc
 .text._Bfree   0x0800ec9a       0x2e c:/ac6/systemworkbench/plugins/fr.ac6.mcu.externaltools.arm-none.win32_1.17.0.201812190825/tools/compiler/bin/../lib/gcc/arm-none-eabi/7.3.1/../../../../arm-none-eabi/lib/thumb/v7e-m/fpv4-sp/hard\libc_nano.a(lib_a-mprec.o)
                0x0800ec9a                _Bfree
 .text.__multadd
                0x0800ecc8       0x76 c:/ac6/systemworkbench/plugins/fr.ac6.mcu.externaltools.arm-none.win32_1.17.0.201812190825/tools/compiler/bin/../lib/gcc/arm-none-eabi/7.3.1/../../../../arm-none-eabi/lib/thumb/v7e-m/fpv4-sp/hard\libc_nano.a(lib_a-mprec.o)
                0x0800ecc8                __multadd
 .text.__hi0bits
                0x0800ed3e       0x3e c:/ac6/systemworkbench/plugins/fr.ac6.mcu.externaltools.arm-none.win32_1.17.0.201812190825/tools/compiler/bin/../lib/gcc/arm-none-eabi/7.3.1/../../../../arm-none-eabi/lib/thumb/v7e-m/fpv4-sp/hard\libc_nano.a(lib_a-mprec.o)
                0x0800ed3e                __hi0bits
 .text.__lo0bits
                0x0800ed7c       0x5e c:/ac6/systemworkbench/plugins/fr.ac6.mcu.externaltools.arm-none.win32_1.17.0.201812190825/tools/compiler/bin/../lib/gcc/arm-none-eabi/7.3.1/../../../../arm-none-eabi/lib/thumb/v7e-m/fpv4-sp/hard\libc_nano.a(lib_a-mprec.o)
                0x0800ed7c                __lo0bits
 .text.__i2b    0x0800edda       0x12 c:/ac6/systemworkbench/plugins/fr.ac6.mcu.externaltools.arm-none.win32_1.17.0.201812190825/tools/compiler/bin/../lib/gcc/arm-none-eabi/7.3.1/../../../../arm-none-eabi/lib/thumb/v7e-m/fpv4-sp/hard\libc_nano.a(lib_a-mprec.o)
                0x0800edda                __i2b
 .text.__multiply
                0x0800edec      0x12c c:/ac6/systemworkbench/plugins/fr.ac6.mcu.externaltools.arm-none.win32_1.17.0.201812190825/tools/compiler/bin/../lib/gcc/arm-none-eabi/7.3.1/../../../../arm-none-eabi/lib/thumb/v7e-m/fpv4-sp/hard\libc_nano.a(lib_a-mprec.o)
                0x0800edec                __multiply
 .text.__pow5mult
                0x0800ef18       0x9c c:/ac6/systemworkbench/plugins/fr.ac6.mcu.externaltools.arm-none.win32_1.17.0.201812190825/tools/compiler/bin/../lib/gcc/arm-none-eabi/7.3.1/../../../../arm-none-eabi/lib/thumb/v7e-m/fpv4-sp/hard\libc_nano.a(lib_a-mprec.o)
                0x0800ef18                __pow5mult
 .text.__lshift
                0x0800efb4       0xa8 c:/ac6/systemworkbench/plugins/fr.ac6.mcu.externaltools.arm-none.win32_1.17.0.201812190825/tools/compiler/bin/../lib/gcc/arm-none-eabi/7.3.1/../../../../arm-none-eabi/lib/thumb/v7e-m/fpv4-sp/hard\libc_nano.a(lib_a-mprec.o)
                0x0800efb4                __lshift
 .text.__mcmp   0x0800f05c       0x34 c:/ac6/systemworkbench/plugins/fr.ac6.mcu.externaltools.arm-none.win32_1.17.0.201812190825/tools/compiler/bin/../lib/gcc/arm-none-eabi/7.3.1/../../../../arm-none-eabi/lib/thumb/v7e-m/fpv4-sp/hard\libc_nano.a(lib_a-mprec.o)
                0x0800f05c                __mcmp
 .text.__mdiff  0x0800f090       0xba c:/ac6/systemworkbench/plugins/fr.ac6.mcu.externaltools.arm-none.win32_1.17.0.201812190825/tools/compiler/bin/../lib/gcc/arm-none-eabi/7.3.1/../../../../arm-none-eabi/lib/thumb/v7e-m/fpv4-sp/hard\libc_nano.a(lib_a-mprec.o)
                0x0800f090                __mdiff
 .text.__d2b    0x0800f14a       0x9e c:/ac6/systemworkbench/plugins/fr.ac6.mcu.externaltools.arm-none.win32_1.17.0.201812190825/tools/compiler/bin/../lib/gcc/arm-none-eabi/7.3.1/../../../../arm-none-eabi/lib/thumb/v7e-m/fpv4-sp/hard\libc_nano.a(lib_a-mprec.o)
                0x0800f14a                __d2b
 .text._calloc_r
                0x0800f1e8       0x1c c:/ac6/systemworkbench/plugins/fr.ac6.mcu.externaltools.arm-none.win32_1.17.0.201812190825/tools/compiler/bin/../lib/gcc/arm-none-eabi/7.3.1/../../../../arm-none-eabi/lib/thumb/v7e-m/fpv4-sp/hard\libc_nano.a(lib_a-nano-callocr.o)
                0x0800f1e8                _calloc_r
 .text._free_r  0x0800f204       0x9c c:/ac6/systemworkbench/plugins/fr.ac6.mcu.externaltools.arm-none.win32_1.17.0.201812190825/tools/compiler/bin/../lib/gcc/arm-none-eabi/7.3.1/../../../../arm-none-eabi/lib/thumb/v7e-m/fpv4-sp/hard\libc_nano.a(lib_a-nano-freer.o)
                0x0800f204                _free_r
 .text._malloc_r
                0x0800f2a0       0xb4 c:/ac6/systemworkbench/plugins/fr.ac6.mcu.externaltools.arm-none.win32_1.17.0.201812190825/tools/compiler/bin/../lib/gcc/arm-none-eabi/7.3.1/../../../../arm-none-eabi/lib/thumb/v7e-m/fpv4-sp/hard\libc_nano.a(lib_a-nano-mallocr.o)
                0x0800f2a0                _malloc_r
 .text.__ssputs_r
                0x0800f354       0xb4 c:/ac6/systemworkbench/plugins/fr.ac6.mcu.externaltools.arm-none.win32_1.17.0.201812190825/tools/compiler/bin/../lib/gcc/arm-none-eabi/7.3.1/../../../../arm-none-eabi/lib/thumb/v7e-m/fpv4-sp/hard\libc_nano.a(lib_a-nano-svfprintf.o)
                0x0800f354                __ssputs_r
 .text._svfprintf_r
                0x0800f408      0x1f0 c:/ac6/systemworkbench/plugins/fr.ac6.mcu.externaltools.arm-none.win32_1.17.0.201812190825/tools/compiler/bin/../lib/gcc/arm-none-eabi/7.3.1/../../../../arm-none-eabi/lib/thumb/v7e-m/fpv4-sp/hard\libc_nano.a(lib_a-nano-svfprintf.o)
                0x0800f408                _svfiprintf_r
                0x0800f408                _svfprintf_r
 .text._sbrk_r  0x0800f5f8       0x20 c:/ac6/systemworkbench/plugins/fr.ac6.mcu.externaltools.arm-none.win32_1.17.0.201812190825/tools/compiler/bin/../lib/gcc/arm-none-eabi/7.3.1/../../../../arm-none-eabi/lib/thumb/v7e-m/fpv4-sp/hard\libc_nano.a(lib_a-sbrkr.o)
                0x0800f5f8                _sbrk_r
 .text.__ascii_mbtowc
                0x0800f618       0x24 c:/ac6/systemworkbench/plugins/fr.ac6.mcu.externaltools.arm-none.win32_1.17.0.201812190825/tools/compiler/bin/../lib/gcc/arm-none-eabi/7.3.1/../../../../arm-none-eabi/lib/thumb/v7e-m/fpv4-sp/hard\libc_nano.a(lib_a-mbtowc_r.o)
                0x0800f618                __ascii_mbtowc
 .text.memmove  0x0800f63c       0x32 c:/ac6/systemworkbench/plugins/fr.ac6.mcu.externaltools.arm-none.win32_1.17.0.201812190825/tools/compiler/bin/../lib/gcc/arm-none-eabi/7.3.1/../../../../arm-none-eabi/lib/thumb/v7e-m/fpv4-sp/hard\libc_nano.a(lib_a-memmove.o)
                0x0800f63c                memmove
 .text.__malloc_lock
                0x0800f66e        0x2 c:/ac6/systemworkbench/plugins/fr.ac6.mcu.externaltools.arm-none.win32_1.17.0.201812190825/tools/compiler/bin/../lib/gcc/arm-none-eabi/7.3.1/../../../../arm-none-eabi/lib/thumb/v7e-m/fpv4-sp/hard\libc_nano.a(lib_a-mlock.o)
                0x0800f66e                __malloc_lock
 .text.__malloc_unlock
                0x0800f670        0x2 c:/ac6/systemworkbench/plugins/fr.ac6.mcu.externaltools.arm-none.win32_1.17.0.201812190825/tools/compiler/bin/../lib/gcc/arm-none-eabi/7.3.1/../../../../arm-none-eabi/lib/thumb/v7e-m/fpv4-sp/hard\libc_nano.a(lib_a-mlock.o)
                0x0800f670                __malloc_unlock
 .text._realloc_r
                0x0800f672       0x4c c:/ac6/systemworkbench/plugins/fr.ac6.mcu.externaltools.arm-none.win32_1.17.0.201812190825/tools/compiler/bin/../lib/gcc/arm-none-eabi/7.3.1/../../../../arm-none-eabi/lib/thumb/v7e-m/fpv4-sp/hard\libc_nano.a(lib_a-nano-reallocr.o)
                0x0800f672                _realloc_r
 .text.__ascii_wctomb
                0x0800f6be       0x1a c:/ac6/systemworkbench/plugins/fr.ac6.mcu.externaltools.arm-none.win32_1.17.0.201812190825/tools/compiler/bin/../lib/gcc/arm-none-eabi/7.3.1/../../../../arm-none-eabi/lib/thumb/v7e-m/fpv4-sp/hard\libc_nano.a(lib_a-wctomb_r.o)
                0x0800f6be                __ascii_wctomb
 .text._malloc_usable_size_r
                0x0800f6d8       0x10 c:/ac6/systemworkbench/plugins/fr.ac6.mcu.externaltools.arm-none.win32_1.17.0.201812190825/tools/compiler/bin/../lib/gcc/arm-none-eabi/7.3.1/../../../../arm-none-eabi/lib/thumb/v7e-m/fpv4-sp/hard\libc_nano.a(lib_a-nano-msizer.o)
                0x0800f6d8                _malloc_usable_size_r
 .text._sbrk    0x0800f6e8       0x1c c:/ac6/systemworkbench/plugins/fr.ac6.mcu.externaltools.arm-none.win32_1.17.0.201812190825/tools/compiler/bin/../lib/gcc/arm-none-eabi/7.3.1/../../../../arm-none-eabi/lib/thumb/v7e-m/fpv4-sp/hard\libnosys.a(sbrk.o)
                0x0800f6e8                _sbrk
 *(.glue_7)
 .glue_7        0x0800f704        0x0 linker stubs
 *(.glue_7t)
 .glue_7t       0x0800f704        0x0 linker stubs
 *(.eh_frame)
 .eh_frame      0x0800f704        0x0 c:/ac6/systemworkbench/plugins/fr.ac6.mcu.externaltools.arm-none.win32_1.17.0.201812190825/tools/compiler/bin/../lib/gcc/arm-none-eabi/7.3.1/thumb/v7e-m/fpv4-sp/hard/crtbegin.o
 *(.init)
 .init          0x0800f704        0x4 c:/ac6/systemworkbench/plugins/fr.ac6.mcu.externaltools.arm-none.win32_1.17.0.201812190825/tools/compiler/bin/../lib/gcc/arm-none-eabi/7.3.1/thumb/v7e-m/fpv4-sp/hard/crti.o
                0x0800f704                _init
 .init          0x0800f708        0x8 c:/ac6/systemworkbench/plugins/fr.ac6.mcu.externaltools.arm-none.win32_1.17.0.201812190825/tools/compiler/bin/../lib/gcc/arm-none-eabi/7.3.1/thumb/v7e-m/fpv4-sp/hard/crtn.o
 *(.fini)
 .fini          0x0800f710        0x4 c:/ac6/systemworkbench/plugins/fr.ac6.mcu.externaltools.arm-none.win32_1.17.0.201812190825/tools/compiler/bin/../lib/gcc/arm-none-eabi/7.3.1/thumb/v7e-m/fpv4-sp/hard/crti.o
                0x0800f710                _fini
 .fini          0x0800f714        0x8 c:/ac6/systemworkbench/plugins/fr.ac6.mcu.externaltools.arm-none.win32_1.17.0.201812190825/tools/compiler/bin/../lib/gcc/arm-none-eabi/7.3.1/thumb/v7e-m/fpv4-sp/hard/crtn.o
                0x0800f71c                . = ALIGN (0x4)
                0x0800f71c                _etext = .

.vfp11_veneer   0x0800f71c        0x0
 .vfp11_veneer  0x0800f71c        0x0 linker stubs

.v4_bx          0x0800f71c        0x0
 .v4_bx         0x0800f71c        0x0 linker stubs

.iplt           0x0800f71c        0x0
 .iplt          0x0800f71c        0x0 c:/ac6/systemworkbench/plugins/fr.ac6.mcu.externaltools.arm-none.win32_1.17.0.201812190825/tools/compiler/bin/../lib/gcc/arm-none-eabi/7.3.1/thumb/v7e-m/fpv4-sp/hard/crtbegin.o

.rodata         0x0800f720      0x5e8
                0x0800f720                . = ALIGN (0x4)
 *(.rodata)
 .rodata        0x0800f720        0x8 Drivers/STM32F4xx_HAL_Driver/Src/stm32f4xx_hal_dma.o
 .rodata        0x0800f728      0x2f4 Src/SS_S25FL.o
 .rodata        0x0800fa1c       0x59 Src/main.o
 *fill*         0x0800fa75        0x3 
 .rodata        0x0800fa78       0x18 Src/system_stm32f4xx.o
                0x0800fa78                AHBPrescTable
                0x0800fa88                APBPrescTable
 *(.rodata*)
 .rodata.pow.str1.4
                0x0800fa90        0x4 c:/ac6/systemworkbench/plugins/fr.ac6.mcu.externaltools.arm-none.win32_1.17.0.201812190825/tools/compiler/bin/../lib/gcc/arm-none-eabi/7.3.1/../../../../arm-none-eabi/lib/thumb/v7e-m/fpv4-sp/hard\libm.a(lib_a-w_pow.o)
 .rodata.__ieee754_pow.str1.4
                0x0800fa94        0x4 c:/ac6/systemworkbench/plugins/fr.ac6.mcu.externaltools.arm-none.win32_1.17.0.201812190825/tools/compiler/bin/../lib/gcc/arm-none-eabi/7.3.1/../../../../arm-none-eabi/lib/thumb/v7e-m/fpv4-sp/hard\libm.a(lib_a-e_pow.o)
                                  0x1 (size before relaxing)
 .rodata.TWO52  0x0800fa98       0x10 c:/ac6/systemworkbench/plugins/fr.ac6.mcu.externaltools.arm-none.win32_1.17.0.201812190825/tools/compiler/bin/../lib/gcc/arm-none-eabi/7.3.1/../../../../arm-none-eabi/lib/thumb/v7e-m/fpv4-sp/hard\libm.a(lib_a-s_rint.o)
 .rodata._printf_float.str1.1
                0x0800faa8       0x12 c:/ac6/systemworkbench/plugins/fr.ac6.mcu.externaltools.arm-none.win32_1.17.0.201812190825/tools/compiler/bin/../lib/gcc/arm-none-eabi/7.3.1/../../../../arm-none-eabi/lib/thumb/v7e-m/fpv4-sp/hard\libc_nano.a(lib_a-nano-vfprintf_float.o)
 .rodata._printf_i.str1.1
                0x0800faba       0x22 c:/ac6/systemworkbench/plugins/fr.ac6.mcu.externaltools.arm-none.win32_1.17.0.201812190825/tools/compiler/bin/../lib/gcc/arm-none-eabi/7.3.1/../../../../arm-none-eabi/lib/thumb/v7e-m/fpv4-sp/hard\libc_nano.a(lib_a-nano-vfprintf_i.o)
 .rodata._dtoa_r.str1.1
                0x0800fadc        0xd c:/ac6/systemworkbench/plugins/fr.ac6.mcu.externaltools.arm-none.win32_1.17.0.201812190825/tools/compiler/bin/../lib/gcc/arm-none-eabi/7.3.1/../../../../arm-none-eabi/lib/thumb/v7e-m/fpv4-sp/hard\libc_nano.a(lib_a-dtoa.o)
                                  0xf (size before relaxing)
 *fill*         0x0800fae9        0x7 
 .rodata.__mprec_bigtens
                0x0800faf0       0x28 c:/ac6/systemworkbench/plugins/fr.ac6.mcu.externaltools.arm-none.win32_1.17.0.201812190825/tools/compiler/bin/../lib/gcc/arm-none-eabi/7.3.1/../../../../arm-none-eabi/lib/thumb/v7e-m/fpv4-sp/hard\libc_nano.a(lib_a-mprec.o)
                0x0800faf0                __mprec_bigtens
 .rodata.__mprec_tens
                0x0800fb18       0xc8 c:/ac6/systemworkbench/plugins/fr.ac6.mcu.externaltools.arm-none.win32_1.17.0.201812190825/tools/compiler/bin/../lib/gcc/arm-none-eabi/7.3.1/../../../../arm-none-eabi/lib/thumb/v7e-m/fpv4-sp/hard\libc_nano.a(lib_a-mprec.o)
                0x0800fb18                __mprec_tens
 .rodata.p05.7359
                0x0800fbe0        0xc c:/ac6/systemworkbench/plugins/fr.ac6.mcu.externaltools.arm-none.win32_1.17.0.201812190825/tools/compiler/bin/../lib/gcc/arm-none-eabi/7.3.1/../../../../arm-none-eabi/lib/thumb/v7e-m/fpv4-sp/hard\libc_nano.a(lib_a-mprec.o)
 .rodata._svfprintf_r.str1.1
                0x0800fbec       0x11 c:/ac6/systemworkbench/plugins/fr.ac6.mcu.externaltools.arm-none.win32_1.17.0.201812190825/tools/compiler/bin/../lib/gcc/arm-none-eabi/7.3.1/../../../../arm-none-eabi/lib/thumb/v7e-m/fpv4-sp/hard\libc_nano.a(lib_a-nano-svfprintf.o)
 .rodata._setlocale_r.str1.1
                0x0800fbfd        0x8 c:/ac6/systemworkbench/plugins/fr.ac6.mcu.externaltools.arm-none.win32_1.17.0.201812190825/tools/compiler/bin/../lib/gcc/arm-none-eabi/7.3.1/../../../../arm-none-eabi/lib/thumb/v7e-m/fpv4-sp/hard\libc_nano.a(lib_a-locale.o)
                                  0x9 (size before relaxing)
 .rodata.str1.1
                0x0800fc05        0x2 c:/ac6/systemworkbench/plugins/fr.ac6.mcu.externaltools.arm-none.win32_1.17.0.201812190825/tools/compiler/bin/../lib/gcc/arm-none-eabi/7.3.1/../../../../arm-none-eabi/lib/thumb/v7e-m/fpv4-sp/hard\libc_nano.a(lib_a-locale.o)
 .rodata._ctype_
                0x0800fc07      0x101 c:/ac6/systemworkbench/plugins/fr.ac6.mcu.externaltools.arm-none.win32_1.17.0.201812190825/tools/compiler/bin/../lib/gcc/arm-none-eabi/7.3.1/../../../../arm-none-eabi/lib/thumb/v7e-m/fpv4-sp/hard\libc_nano.a(lib_a-ctype_.o)
                0x0800fc07                _ctype_
                0x0800fd08                . = ALIGN (0x4)

.ARM.extab
 *(.ARM.extab* .gnu.linkonce.armextab.*)

.ARM            0x0800fd08        0x8
                0x0800fd08                __exidx_start = .
 *(.ARM.exidx*)
 .ARM.exidx     0x0800fd08        0x8 c:/ac6/systemworkbench/plugins/fr.ac6.mcu.externaltools.arm-none.win32_1.17.0.201812190825/tools/compiler/bin/../lib/gcc/arm-none-eabi/7.3.1/thumb/v7e-m/fpv4-sp/hard\libgcc.a(_udivmoddi4.o)
                0x0800fd10                __exidx_end = .

.rel.dyn        0x0800fd10        0x0
 .rel.iplt      0x0800fd10        0x0 c:/ac6/systemworkbench/plugins/fr.ac6.mcu.externaltools.arm-none.win32_1.17.0.201812190825/tools/compiler/bin/../lib/gcc/arm-none-eabi/7.3.1/thumb/v7e-m/fpv4-sp/hard/crtbegin.o

.preinit_array  0x0800fd10        0x0
                0x0800fd10                PROVIDE (__preinit_array_start = .)
 *(.preinit_array*)
                0x0800fd10                PROVIDE (__preinit_array_end = .)

.init_array     0x0800fd10        0x4
                0x0800fd10                PROVIDE (__init_array_start = .)
 *(SORT_BY_NAME(.init_array.*))
 *(.init_array*)
 .init_array    0x0800fd10        0x4 c:/ac6/systemworkbench/plugins/fr.ac6.mcu.externaltools.arm-none.win32_1.17.0.201812190825/tools/compiler/bin/../lib/gcc/arm-none-eabi/7.3.1/thumb/v7e-m/fpv4-sp/hard/crtbegin.o
                0x0800fd14                PROVIDE (__init_array_end = .)

.fini_array     0x0800fd14        0x4
                [!provide]                PROVIDE (__fini_array_start = .)
 *(SORT_BY_NAME(.fini_array.*))
 *(.fini_array*)
 .fini_array    0x0800fd14        0x4 c:/ac6/systemworkbench/plugins/fr.ac6.mcu.externaltools.arm-none.win32_1.17.0.201812190825/tools/compiler/bin/../lib/gcc/arm-none-eabi/7.3.1/thumb/v7e-m/fpv4-sp/hard/crtbegin.o
                [!provide]                PROVIDE (__fini_array_end = .)
                0x0800fd18                _sidata = LOADADDR (.data)

.data           0x20000000      0x1f0 load address 0x0800fd18
                0x20000000                . = ALIGN (0x4)
                0x20000000                _sdata = .
 *(.data)
 .data          0x20000000        0x5 Drivers/STM32F4xx_HAL_Driver/Src/stm32f4xx_hal.o
                0x20000000                uwTickPrio
                0x20000004                uwTickFreq
 *fill*         0x20000005        0x3 
 .data          0x20000008       0x10 Src/SS_S25FL.o
                0x20000008                FLASH_SPACE_STATE
                0x2000000c                global_curr_flash_page
                0x20000010                TIMEOUT_STATE
 .data          0x20000018        0x4 Src/system_stm32f4xx.o
                0x20000018                SystemCoreClock
 *(.data*)
 .data.__fdlib_version
                0x2000001c        0x1 c:/ac6/systemworkbench/plugins/fr.ac6.mcu.externaltools.arm-none.win32_1.17.0.201812190825/tools/compiler/bin/../lib/gcc/arm-none-eabi/7.3.1/../../../../arm-none-eabi/lib/thumb/v7e-m/fpv4-sp/hard\libm.a(lib_a-s_lib_ver.o)
                0x2000001c                __fdlib_version
 *fill*         0x2000001d        0x3 
 .data._impure_ptr
                0x20000020        0x4 c:/ac6/systemworkbench/plugins/fr.ac6.mcu.externaltools.arm-none.win32_1.17.0.201812190825/tools/compiler/bin/../lib/gcc/arm-none-eabi/7.3.1/../../../../arm-none-eabi/lib/thumb/v7e-m/fpv4-sp/hard\libc_nano.a(lib_a-impure.o)
                0x20000020                _impure_ptr
 .data.impure_data
                0x20000024       0x60 c:/ac6/systemworkbench/plugins/fr.ac6.mcu.externaltools.arm-none.win32_1.17.0.201812190825/tools/compiler/bin/../lib/gcc/arm-none-eabi/7.3.1/../../../../arm-none-eabi/lib/thumb/v7e-m/fpv4-sp/hard\libc_nano.a(lib_a-impure.o)
 .data.__global_locale
                0x20000084      0x16c c:/ac6/systemworkbench/plugins/fr.ac6.mcu.externaltools.arm-none.win32_1.17.0.201812190825/tools/compiler/bin/../lib/gcc/arm-none-eabi/7.3.1/../../../../arm-none-eabi/lib/thumb/v7e-m/fpv4-sp/hard\libc_nano.a(lib_a-locale.o)
                0x20000084                __global_locale
                0x200001f0                . = ALIGN (0x4)
                0x200001f0                _edata = .

.igot.plt       0x200001f0        0x0 load address 0x0800ff08
 .igot.plt      0x200001f0        0x0 c:/ac6/systemworkbench/plugins/fr.ac6.mcu.externaltools.arm-none.win32_1.17.0.201812190825/tools/compiler/bin/../lib/gcc/arm-none-eabi/7.3.1/thumb/v7e-m/fpv4-sp/hard/crtbegin.o
                0x200001f0                . = ALIGN (0x4)

.bss            0x200001f0      0xc00 load address 0x0800ff08
                0x200001f0                _sbss = .
                0x200001f0                __bss_start__ = _sbss
 *(.bss)
 .bss           0x200001f0       0x1c c:/ac6/systemworkbench/plugins/fr.ac6.mcu.externaltools.arm-none.win32_1.17.0.201812190825/tools/compiler/bin/../lib/gcc/arm-none-eabi/7.3.1/thumb/v7e-m/fpv4-sp/hard/crtbegin.o
 *fill*         0x2000020c        0x4 
 .bss           0x20000210       0x49 Src/SS_MS5607.o
                0x20000210                MS56_WAIT_READY
                0x20000211                conversion_ongoing
                0x20000212                sequence_start
 *fill*         0x20000259        0x3 
 .bss           0x2000025c      0x20c Src/SS_S25FL.o
                0x2000025c                MEASURE_ENABLE_FLAG
                0x20000260                global_flash_timestamp
                0x20000264                DMA_TX_IN_PROGRESS
                0x20000265                DMA_RX_IN_PROGRESS
 .bss           0x20000468        0x1 Src/SS_it.o
 *fill*         0x20000469        0x3 
 .bss           0x2000046c       0x54 Src/sensirion_hw_i2c_implementation.o
 *(.bss*)
 .bss.__malloc_free_list
                0x200004c0        0x4 c:/ac6/systemworkbench/plugins/fr.ac6.mcu.externaltools.arm-none.win32_1.17.0.201812190825/tools/compiler/bin/../lib/gcc/arm-none-eabi/7.3.1/../../../../arm-none-eabi/lib/thumb/v7e-m/fpv4-sp/hard\libc_nano.a(lib_a-nano-mallocr.o)
                0x200004c0                __malloc_free_list
 .bss.__malloc_sbrk_start
                0x200004c4        0x4 c:/ac6/systemworkbench/plugins/fr.ac6.mcu.externaltools.arm-none.win32_1.17.0.201812190825/tools/compiler/bin/../lib/gcc/arm-none-eabi/7.3.1/../../../../arm-none-eabi/lib/thumb/v7e-m/fpv4-sp/hard\libc_nano.a(lib_a-nano-mallocr.o)
                0x200004c4                __malloc_sbrk_start
 .bss.heap_end.5377
                0x200004c8        0x4 c:/ac6/systemworkbench/plugins/fr.ac6.mcu.externaltools.arm-none.win32_1.17.0.201812190825/tools/compiler/bin/../lib/gcc/arm-none-eabi/7.3.1/../../../../arm-none-eabi/lib/thumb/v7e-m/fpv4-sp/hard\libnosys.a(sbrk.o)
 *(COMMON)
 COMMON         0x200004cc        0x4 Drivers/STM32F4xx_HAL_Driver/Src/stm32f4xx_hal.o
                0x200004cc                uwTick
 COMMON         0x200004d0       0x4c Src/SS_MS5607.o
                0x200004d0                ms5607
                0x20000514                data_flash
 COMMON         0x2000051c      0x200 Src/SS_S25FL.o
                0x2000051c                debug_tx_char_buff
                0x20000710                debug_tx_length
                0x20000714                global_addr_section_lw
 COMMON         0x2000071c        0x2 Src/SS_it.o
                0x2000071c                beeps
                0x2000071d                gap
 *fill*         0x2000071e        0x2 
 COMMON         0x20000720      0x198 Src/adc.o
                0x20000720                hadc2
                0x20000768                hdma_adc3
                0x200007c8                hadc1
                0x20000810                hadc3
                0x20000858                hdma_adc1
 COMMON         0x200008b8       0xfc Src/i2c.o
                0x200008b8                hi2c3
                0x2000090c                hi2c1
                0x20000960                hi2c2
 COMMON         0x200009b4        0x8 Src/main.o
                0x200009b4                adc1_buf
                0x200009b8                adc3_buf
 COMMON         0x200009bc       0x20 Src/rtc.o
                0x200009bc                hrtc
 COMMON         0x200009dc      0x2e0 Src/spi.o
                0x200009dc                hspi2
                0x20000a34                hdma_spi2_rx
                0x20000a94                hspi3
                0x20000aec                hdma_spi3_tx
                0x20000b4c                hspi4
                0x20000ba4                hspi1
                0x20000bfc                hdma_spi2_tx
                0x20000c5c                hdma_spi3_rx
 COMMON         0x20000cbc       0xf0 Src/tim.o
                0x20000cbc                htim8
                0x20000cf8                htim3
                0x20000d34                htim2
                0x20000d70                htim14
 COMMON         0x20000dac       0x40 Src/usart.o
                0x20000dac                huart2
 COMMON         0x20000dec        0x4 c:/ac6/systemworkbench/plugins/fr.ac6.mcu.externaltools.arm-none.win32_1.17.0.201812190825/tools/compiler/bin/../lib/gcc/arm-none-eabi/7.3.1/../../../../arm-none-eabi/lib/thumb/v7e-m/fpv4-sp/hard\libc_nano.a(lib_a-reent.o)
                0x20000dec                errno
                0x20000df0                . = ALIGN (0x4)
                0x20000df0                _ebss = .
                0x20000df0                __bss_end__ = _ebss

._user_heap_stack
                0x20000df0      0x600 load address 0x0800ff08
                0x20000df0                . = ALIGN (0x8)
                0x20000df0                PROVIDE (end = .)
                [!provide]                PROVIDE (_end = .)
                0x20000ff0                . = (. + _Min_Heap_Size)
 *fill*         0x20000df0      0x200 
                0x200013f0                . = (. + _Min_Stack_Size)
 *fill*         0x20000ff0      0x400 
                0x200013f0                . = ALIGN (0x8)

/DISCARD/
 libc.a(*)
 libm.a(*)
 libgcc.a(*)

.ARM.attributes
                0x00000000       0x30
 *(.ARM.attributes)
 .ARM.attributes
                0x00000000       0x22 c:/ac6/systemworkbench/plugins/fr.ac6.mcu.externaltools.arm-none.win32_1.17.0.201812190825/tools/compiler/bin/../lib/gcc/arm-none-eabi/7.3.1/thumb/v7e-m/fpv4-sp/hard/crti.o
 .ARM.attributes
                0x00000022       0x34 c:/ac6/systemworkbench/plugins/fr.ac6.mcu.externaltools.arm-none.win32_1.17.0.201812190825/tools/compiler/bin/../lib/gcc/arm-none-eabi/7.3.1/thumb/v7e-m/fpv4-sp/hard/crtbegin.o
 .ARM.attributes
                0x00000056       0x39 Drivers/STM32F4xx_HAL_Driver/Src/stm32f4xx_hal.o
 .ARM.attributes
                0x0000008f       0x39 Drivers/STM32F4xx_HAL_Driver/Src/stm32f4xx_hal_adc.o
 .ARM.attributes
                0x000000c8       0x39 Drivers/STM32F4xx_HAL_Driver/Src/stm32f4xx_hal_adc_ex.o
 .ARM.attributes
                0x00000101       0x39 Drivers/STM32F4xx_HAL_Driver/Src/stm32f4xx_hal_cortex.o
 .ARM.attributes
                0x0000013a       0x39 Drivers/STM32F4xx_HAL_Driver/Src/stm32f4xx_hal_dma.o
 .ARM.attributes
                0x00000173       0x39 Drivers/STM32F4xx_HAL_Driver/Src/stm32f4xx_hal_gpio.o
 .ARM.attributes
                0x000001ac       0x39 Drivers/STM32F4xx_HAL_Driver/Src/stm32f4xx_hal_i2c.o
 .ARM.attributes
                0x000001e5       0x39 Drivers/STM32F4xx_HAL_Driver/Src/stm32f4xx_hal_pwr_ex.o
 .ARM.attributes
                0x0000021e       0x39 Drivers/STM32F4xx_HAL_Driver/Src/stm32f4xx_hal_rcc.o
 .ARM.attributes
                0x00000257       0x39 Drivers/STM32F4xx_HAL_Driver/Src/stm32f4xx_hal_rcc_ex.o
 .ARM.attributes
                0x00000290       0x39 Drivers/STM32F4xx_HAL_Driver/Src/stm32f4xx_hal_rtc.o
 .ARM.attributes
                0x000002c9       0x39 Drivers/STM32F4xx_HAL_Driver/Src/stm32f4xx_hal_spi.o
 .ARM.attributes
                0x00000302       0x39 Drivers/STM32F4xx_HAL_Driver/Src/stm32f4xx_hal_tim.o
 .ARM.attributes
                0x0000033b       0x39 Drivers/STM32F4xx_HAL_Driver/Src/stm32f4xx_hal_tim_ex.o
 .ARM.attributes
                0x00000374       0x39 Drivers/STM32F4xx_HAL_Driver/Src/stm32f4xx_hal_uart.o
 .ARM.attributes
                0x000003ad       0x39 Src/SS_MS5607.o
 .ARM.attributes
                0x000003e6       0x39 Src/SS_S25FL.o
 .ARM.attributes
                0x0000041f       0x39 Src/SS_SCD30.o
 .ARM.attributes
                0x00000458       0x39 Src/SS_it.o
 .ARM.attributes
                0x00000491       0x39 Src/SS_support.o
 .ARM.attributes
                0x000004ca       0x39 Src/adc.o
 .ARM.attributes
                0x00000503       0x39 Src/dma.o
 .ARM.attributes
                0x0000053c       0x39 Src/gpio.o
 .ARM.attributes
                0x00000575       0x39 Src/i2c.o
 .ARM.attributes
                0x000005ae       0x39 Src/main.o
 .ARM.attributes
                0x000005e7       0x39 Src/rtc.o
 .ARM.attributes
                0x00000620       0x39 Src/sensirion_common.o
 .ARM.attributes
                0x00000659       0x39 Src/sensirion_hw_i2c_implementation.o
 .ARM.attributes
                0x00000692       0x39 Src/spi.o
 .ARM.attributes
                0x000006cb       0x39 Src/stm32f4xx_hal_msp.o
 .ARM.attributes
                0x00000704       0x39 Src/stm32f4xx_it.o
 .ARM.attributes
                0x0000073d       0x39 Src/system_stm32f4xx.o
 .ARM.attributes
                0x00000776       0x39 Src/tim.o
 .ARM.attributes
                0x000007af       0x39 Src/usart.o
 .ARM.attributes
                0x000007e8       0x21 startup/startup_stm32f446xx.o
 .ARM.attributes
                0x00000809       0x34 c:/ac6/systemworkbench/plugins/fr.ac6.mcu.externaltools.arm-none.win32_1.17.0.201812190825/tools/compiler/bin/../lib/gcc/arm-none-eabi/7.3.1/../../../../arm-none-eabi/lib/thumb/v7e-m/fpv4-sp/hard\libm.a(lib_a-w_pow.o)
 .ARM.attributes
                0x0000083d       0x34 c:/ac6/systemworkbench/plugins/fr.ac6.mcu.externaltools.arm-none.win32_1.17.0.201812190825/tools/compiler/bin/../lib/gcc/arm-none-eabi/7.3.1/../../../../arm-none-eabi/lib/thumb/v7e-m/fpv4-sp/hard\libm.a(lib_a-e_pow.o)
 .ARM.attributes